<html>
<body>
<pre>
<h1>礦ision Build Log</h1>
<h2>Tool Versions:</h2>
IDE-Version: μVision V5.36.0.0
Copyright (C) 2021 ARM Ltd and ARM Germany GmbH. All rights reserved.
License Information: Yomi Natsusaki , BJ JZJ, LIC=KIVPC-7YPGI-35ZTX-HTSCJ-00QQG-UEN7M
 
Tool Versions:
Toolchain:       MDK-ARM Professional  Version: 5.36.0.0
Toolchain Path:  E:\学习\大三\物联网\keil5\ARM\ARMCC\Bin
C Compiler:      Armcc.exe V5.06 update 7 (build 960)
Assembler:       Armasm.exe V5.06 update 7 (build 960)
Linker/Locator:  ArmLink.exe V5.06 update 7 (build 960)
Library Manager: ArmAr.exe V5.06 update 7 (build 960)
Hex Converter:   FromElf.exe V5.06 update 7 (build 960)
CPU DLL:         SARMCM3.DLL V5.36.0.0
Dialog DLL:      DCM.DLL V1.17.3.0
Target DLL:      STLink\ST-LINKIII-KEIL_SWO.dll V3.0.9.0
Dialog DLL:      TCM.DLL V1.53.0.0
 
<h2>Project:</h2>
E:\学习\大三\物联网\最新\ctnb\MDK-ARM\ctnb.uvprojx
Project File Date:  12/08/2021

<h2>Output:</h2>
  
Warning: *** SUPPORT EXPIRED, NEW PRODUCT SERIAL NUMBER REQUIRED ***
         *** Running with Code Size Limit: 32K                   ***
*** Using Compiler 'V5.06 update 7 (build 960)', folder: 'E:\学习\大三\物联网\keil5\ARM\ARMCC\Bin'
Rebuild target 'ctnb'
compiling AepServiceCodes.c...
compiling delay.c...
compiling bsp_thread.c...
compiling bsp.c...
compiling user_main.c...
compiling nb_thread.c...
..\user\nb_thread.c(299): warning:  #177-D: function "at_get_rsp_flag"  was declared but never referenced
  static int8_t at_get_rsp_flag(void)
..\user\nb_thread.c: 1 warning, 0 errors
compiling app_aep_profile.c...
..\user\app_aep_profile.c(370): warning:  #177-D: variable "ret"  was declared but never referenced
  	int8_t ret;
..\user\app_aep_profile.c: 1 warning, 0 errors
compiling BC28_thread.c...
..\user\BC28_thread.c(226): warning:  #177-D: function "at_config_endpoint_name"  was declared but never referenced
  static int8_t at_config_endpoint_name(const char *IMEI)
..\user\BC28_thread.c(319): warning:  #177-D: function "at_lwm2m_deregister"  was declared but never referenced
  static int8_t at_lwm2m_deregister(void)
..\user\BC28_thread.c: 2 warnings, 0 errors
compiling md5.c...
compiling util.c...
compiling led.c...
compiling FlexShell_port.c...
compiling FlexShell.c...
compiling TinyPrintf.c...
compiling motor.c...
compiling app_uart.c...
compiling log_uart.c...
compiling HTS221.c...
..\bsp\HTS221.c(318): warning:  #177-D: variable "temperature_t"  was declared but never referenced
      int16_t T_out, temperature_t;
..\bsp\HTS221.c: 1 warning, 0 errors
compiling FlexShellSys.c...
compiling FlexShellUser.c...
compiling os_core.c...
compiling os_event.c...
compiling os_fifo.c...
compiling thread.c...
compiling os_sem.c...
compiling TinyLog.c...
compiling os_time.c...
compiling os_soft_timer.c...
compiling os_port.c...
compiling fifo.c...
compiling stm32f1xx_hal_rtc_ex.c...
compiling stm32f1xx_hal_gpio_ex.c...
compiling stm32f1xx_hal_tim_ex.c...
compiling stm32f1xx_hal_flash_ex.c...
compiling stm32f1xx_hal_pwr.c...
compiling stm32f1xx_hal_rcc.c...
compiling stm32f1xx_hal_rcc_ex.c...
compiling stm32f1xx_hal_tim.c...
compiling stm32f1xx_hal_cortex.c...
compiling stm32f1xx_hal_rtc.c...
compiling stm32f1xx_hal.c...
compiling stm32f1xx_hal_flash.c...
compiling stm32f1xx_hal_gpio.c...
compiling stm32f1xx_hal_dma.c...
compiling stm32f1xx_hal_i2c.c...
assembling startup_stm32f103xb.s...
compiling stm32f1xx_hal_uart.c...
compiling system_stm32f1xx.c...
compiling stm32f1xx_hal_msp.c...
compiling stm32f1xx_it.c...
compiling main.c...
..\system\Src\main.c(217): warning:  #177-D: function "MX_USART1_UART_Init"  was declared but never referenced
  static void MX_USART1_UART_Init(void)
..\system\Src\main.c(236): warning:  #177-D: function "MX_USART2_UART_Init"  was declared but never referenced
  static void MX_USART2_UART_Init(void)
..\system\Src\main.c(201): warning:  #177-D: function "MX_RTC_Init"  was declared but never referenced
  static void MX_RTC_Init(void)
..\system\Src\main.c: 3 warnings, 0 errors
linking...
Program Size: Code=36298 RO-data=2330 RW-data=2016 ZI-data=5608  
".\out\ctnb.axf" - 0 Error(s), 9 Warning(s).

<h2>Software Packages used:</h2>

Package Vendor: ARM
                http://www.keil.com/pack/ARM.CMSIS.5.8.0.pack
                ARM.CMSIS.5.8.0
                CMSIS (Common Microcontroller Software Interface Standard)
   * Component: CORE Version: 5.5.0

Package Vendor: Keil
                http://www.keil.com/pack/Keil.STM32F1xx_DFP.2.3.0.pack
                Keil.STM32F1xx_DFP.2.3.0
                STMicroelectronics STM32F1 Series Device Support, Drivers and Examples

<h2>Collection of Component include folders:</h2>
  .\RTE\_ctnb
  C:\Users\Natsusaki Yomi\AppData\Local\Arm\Packs\ARM\CMSIS\5.8.0\CMSIS\Core\Include
  C:\Users\Natsusaki Yomi\AppData\Local\Arm\Packs\Keil\STM32F1xx_DFP\2.3.0\Device\Include

<h2>Collection of Component Files used:</h2>

   * Component: ARM::CMSIS:CORE:5.5.0
Build Time Elapsed:  00:00:37
</pre>
</body>
</html>
