Component: ARM Compiler 5.05 update 1 (build 106) Tool: armlink [4d0efa]

==============================================================================

Section Cross References

    app_aep_profile.o(i.aep_thread_init) refers to thread.o(i.thread_os_register) for thread_os_register
    app_aep_profile.o(i.aep_thread_init) refers to os_soft_timer.o(i.soft_timer_register) for soft_timer_register
    app_aep_profile.o(i.aep_thread_init) refers to nb_thread.o(i.nb_register_syn_ack) for nb_register_syn_ack
    app_aep_profile.o(i.aep_thread_init) refers to tinyprintf.o(i.ty_printf) for ty_printf
    app_aep_profile.o(i.aep_thread_init) refers to app_aep_profile.o(.data) for .data
    app_aep_profile.o(i.aep_thread_init) refers to app_aep_profile.o(i.nb_timer_cb) for nb_timer_cb
    app_aep_profile.o(i.aep_thread_init) refers to app_aep_profile.o(i.send_data_asy_callback) for send_data_asy_callback
    app_aep_profile.o(i.decode_aep_data) refers to aepservicecodes.o(i.decodeCmdDownFromStr) for decodeCmdDownFromStr
    app_aep_profile.o(i.decode_aep_data) refers to strcmp.o(.text) for strcmp
    app_aep_profile.o(i.decode_aep_data) refers to tinyprintf.o(i.ty_printf) for ty_printf
    app_aep_profile.o(i.decode_aep_data) refers to bsp.o(i.setStatus) for setStatus
    app_aep_profile.o(i.decode_aep_data) refers to aepservicecodes.o(i.codeDataReportByIdentifierToStr) for codeDataReportByIdentifierToStr
    app_aep_profile.o(i.decode_aep_data) refers to app_aep_profile.o(i.send_msg) for send_msg
    app_aep_profile.o(i.decode_aep_data) refers to os_soft_timer.o(i.soft_timer_stop) for soft_timer_stop
    app_aep_profile.o(i.decode_aep_data) refers to os_soft_timer.o(i.soft_timer_start) for soft_timer_start
    app_aep_profile.o(i.decode_aep_data) refers to malloc.o(i.free) for free
    app_aep_profile.o(i.decode_aep_data) refers to app_aep_profile.o(.data) for .data
    app_aep_profile.o(i.nb_timer_cb) refers to bsp.o(i.getStatus) for getStatus
    app_aep_profile.o(i.nb_timer_cb) refers to fmul.o(.text) for __aeabi_fmul
    app_aep_profile.o(i.nb_timer_cb) refers to ffixi.o(.text) for __aeabi_f2iz
    app_aep_profile.o(i.nb_timer_cb) refers to fflti.o(.text) for __aeabi_i2f
    app_aep_profile.o(i.nb_timer_cb) refers to fdiv.o(.text) for __aeabi_fdiv
    app_aep_profile.o(i.nb_timer_cb) refers to ffltui.o(.text) for __aeabi_ui2f
    app_aep_profile.o(i.nb_timer_cb) refers to aepservicecodes.o(i.codeDataReportByIdentifierToStr) for codeDataReportByIdentifierToStr
    app_aep_profile.o(i.nb_timer_cb) refers to tinyprintf.o(i.ty_printf) for ty_printf
    app_aep_profile.o(i.nb_timer_cb) refers to app_aep_profile.o(i.send_msg) for send_msg
    app_aep_profile.o(i.nb_timer_cb) refers to malloc.o(i.free) for free
    app_aep_profile.o(i.nb_timer_cb) refers to os_soft_timer.o(i.soft_timer_start) for soft_timer_start
    app_aep_profile.o(i.nb_timer_cb) refers to app_aep_profile.o(.bss) for .bss
    app_aep_profile.o(i.nb_timer_cb) refers to app_aep_profile.o(.data) for .data
    app_aep_profile.o(i.process_thread_app_process) refers to bsp.o(i.getStatus) for getStatus
    app_aep_profile.o(i.process_thread_app_process) refers to bsp.o(i.setStatus) for setStatus
    app_aep_profile.o(i.process_thread_app_process) refers to os_time.o(i.os_time_get_timetick) for os_time_get_timetick
    app_aep_profile.o(i.process_thread_app_process) refers to tinyprintf.o(i.ty_printf) for ty_printf
    app_aep_profile.o(i.process_thread_app_process) refers to app_aep_profile.o(i.send_sensor_data) for send_sensor_data
    app_aep_profile.o(i.process_thread_app_process) refers to app_aep_profile.o(.bss) for .bss
    app_aep_profile.o(i.process_thread_app_process) refers to app_aep_profile.o(.data) for .data
    app_aep_profile.o(i.send_data_asy_callback) refers to tinyprintf.o(i.ty_printf) for ty_printf
    app_aep_profile.o(i.send_data_syn_callback) refers to tinyprintf.o(i.ty_printf) for ty_printf
    app_aep_profile.o(i.send_data_syn_callback) refers to malloc.o(i.free) for free
    app_aep_profile.o(i.send_msg) refers to strlen.o(.text) for strlen
    app_aep_profile.o(i.send_msg) refers to tinyprintf.o(i.ty_printf) for ty_printf
    app_aep_profile.o(i.send_msg) refers to malloc.o(i.malloc) for malloc
    app_aep_profile.o(i.send_msg) refers to memcpya.o(.text) for __aeabi_memcpy
    app_aep_profile.o(i.send_msg) refers to nb_thread.o(i.nb_send) for nb_send
    app_aep_profile.o(i.send_msg) refers to malloc.o(i.free) for free
    app_aep_profile.o(i.send_msg) refers to app_aep_profile.o(i.send_data_syn_callback) for send_data_syn_callback
    app_aep_profile.o(i.send_sensor_data) refers to bsp.o(i.getStatus) for getStatus
    app_aep_profile.o(i.send_sensor_data) refers to aepservicecodes.o(i.codeDataReportByIdentifierToStr) for codeDataReportByIdentifierToStr
    app_aep_profile.o(i.send_sensor_data) refers to tinyprintf.o(i.ty_printf) for ty_printf
[...]
    i.thread_os_resume                       0x080089bc   Section        0  thread.o(i.thread_os_resume)
    i.thread_os_start                        0x08008a50   Section        0  os_core.o(i.thread_os_start)
    i.thread_os_suspend                      0x08008b20   Section        0  thread.o(i.thread_os_suspend)
    i.thread_os_tick                         0x08008c04   Section        0  os_port.o(i.thread_os_tick)
    i.thread_timer_tick                      0x08008c28   Section        0  os_soft_timer.o(i.thread_timer_tick)
    i.ty_printf                              0x08008c64   Section        0  tinyprintf.o(i.ty_printf)
    i.ty_printf_init                         0x08008c7c   Section        0  tinyprintf.o(i.ty_printf_init)
    i.ty_vprintf                             0x08008c88   Section        0  tinyprintf.o(i.ty_vprintf)
    i.uart_Init                              0x08008e24   Section        0  app_uart.o(i.uart_Init)
    uart_Init                                0x08008e25   Thumb Code    90  app_uart.o(i.uart_Init)
    i.user_main                              0x08008e84   Section        0  user_main.o(i.user_main)
    .constdata                               0x08008e9e   Section       16  tinyprintf.o(.constdata)
    _aV2C                                    0x08008e9e   Data          16  tinyprintf.o(.constdata)
    .constdata                               0x08008eae   Section       16  system_stm32f1xx.o(.constdata)
    .constdata                               0x08008ebe   Section        8  system_stm32f1xx.o(.constdata)
    .constdata                               0x08008ec6   Section       12  localtime.o(.constdata)
    monlen                                   0x08008ec6   Data          12  localtime.o(.constdata)
    .constdata                               0x08008ed2   Section       57  asctime.o(.constdata)
    week                                     0x08008ed2   Data          21  asctime.o(.constdata)
    mon                                      0x08008ee7   Data          36  asctime.o(.constdata)
    .constdata                               0x08008f0b   Section      129  ctype_o.o(.constdata)
    .constdata                               0x08008f8c   Section        4  ctype_o.o(.constdata)
    table                                    0x08008f8c   Data           4  ctype_o.o(.constdata)
    .conststring                             0x08008f90   Section       11  app_aep_profile.o(.conststring)
    .conststring                             0x08008f9c   Section       11  bsp_thread.o(.conststring)
    .conststring                             0x08008fa8   Section       38  bc28_thread.o(.conststring)
    .conststring                             0x08008fd0   Section      311  bc28_thread.o(.conststring)
    .conststring                             0x08009108   Section       51  nb_thread.o(.conststring)
    .conststring                             0x0800913c   Section       72  app_uart.o(.conststring)
    .conststring                             0x08009184   Section       17  flexshell_port.o(.conststring)
    .conststring                             0x08009198   Section      263  flexshellsys.o(.conststring)
    .conststring                             0x080092a0   Section      124  flexshelluser.o(.conststring)
    .conststring                             0x0800931c   Section       73  thread.o(.conststring)
    .conststring                             0x08009368   Section       15  os_soft_timer.o(.conststring)
    .conststrlit                             0x08009378   Section      447  flexshellsys.o(.conststrlit)
    .conststrlit                             0x08009538   Section      372  flexshelluser.o(.conststrlit)
    .data                                    0x20000000   Section       44  app_aep_profile.o(.data)
    reportFlag                               0x20000001   Data           1  app_aep_profile.o(.data)
    IR_status                                0x20000002   Data           1  app_aep_profile.o(.data)
    reportPeriod                             0x20000004   Data           4  app_aep_profile.o(.data)
    nb_timer                                 0x20000008   Data           4  app_aep_profile.o(.data)
    app_process                              0x2000000c   Data          32  app_aep_profile.o(.data)
    .data                                    0x2000002c   Section        4  aepservicecodes.o(.data)
    endian_test                              0x2000002c   Data           4  aepservicecodes.o(.data)
    .data                                    0x20000030   Section       44  bsp_thread.o(.data)
    hum                                      0x20000030   Data           2  bsp_thread.o(.data)
    i                                        0x20000034   Data           4  bsp_thread.o(.data)
    temp                                     0x20000038   Data           4  bsp_thread.o(.data)
    bsp_process                              0x2000003c   Data          32  bsp_thread.o(.data)
    .data                                    0x2000005c   Section       68  bc28_thread.o(.data)
    timeout                                  0x2000005c   Data           1  bc28_thread.o(.data)
    BC28_init_process                        0x20000060   Data          32  bc28_thread.o(.data)
    BC28_event_process                       0x20000080   Data          32  bc28_thread.o(.data)
    .data                                    0x200000a0   Section     1232  bc28_thread.o(.data)
    .data                                    0x20000570   Section      152  nb_thread.o(.data)
    timeout                                  0x20000570   Data           1  nb_thread.o(.data)
    i                                        0x20000571   Data           1  nb_thread.o(.data)
    messageID                                0x20000574   Data           4  nb_thread.o(.data)
    send_timer                               0x20000578   Data           4  nb_thread.o(.data)
    m_msg                                    0x2000057c   Data           4  nb_thread.o(.data)
    syn_cb                                   0x20000580   Data           4  nb_thread.o(.data)
    recv_os_fifo                             0x20000584   Data           8  nb_thread.o(.data)
    nb_rsp_process                           0x2000058c   Data          32  nb_thread.o(.data)
    nb_init_process                          0x200005ac   Data          32  nb_thread.o(.data)
    nb_recvdata_process                      0x200005cc   Data          32  nb_thread.o(.data)
    .data                                    0x20000608   Section        2  led.o(.data)
    led0_status                              0x20000608   Data           1  led.o(.data)
    led1_status                              0x20000609   Data           1  led.o(.data)
    .data                                    0x2000060a   Section        1  motor.o(.data)
    motor_status                             0x2000060a   Data           1  motor.o(.data)
    .data                                    0x2000060c   Section       24  hts221.o(.data)
    .data                                    0x20000624   Section       12  app_uart.o(.data)
    reg_flag                                 0x20000624   Data           1  app_uart.o(.data)
    m_fifo                                   0x20000628   Data           4  app_uart.o(.data)
    uart_time_obj                            0x2000062c   Data           4  app_uart.o(.data)
    .data                                    0x20000630   Section        1  log_uart.o(.data)
    log_uart_flag                            0x20000630   Data           1  log_uart.o(.data)
    .data                                    0x20000631   Section        1  util.o(.data)
    .data                                    0x20000634   Section        8  flexshell.o(.data)
    shell_recv_len                           0x20000634   Data           1  flexshell.o(.data)
    shell_read_cb                            0x20000638   Data           4  flexshell.o(.data)
    .data                                    0x2000063c   Section       32  flexshell_port.o(.data)
    FlexShell_process                        0x2000063c   Data          32  flexshell_port.o(.data)
    .data                                    0x2000065c   Section        4  tinyprintf.o(.data)
    .data                                    0x20000660   Section        8  thread.o(.data)
    thread_id                                0x20000660   Data           4  thread.o(.data)
    .data                                    0x20000668   Section       12  os_core.o(.data)
    .data                                    0x20000674   Section       32  os_soft_timer.o(.data)
    thread_timer_process                     0x20000674   Data          32  os_soft_timer.o(.data)
    .data                                    0x20000694   Section        4  os_time.o(.data)
    timetick                                 0x20000694   Data           4  os_time.o(.data)
    .data                                    0x20000698   Section       12  stm32f1xx_hal.o(.data)
    .data                                    0x200006a4   Section        4  system_stm32f1xx.o(.data)
    .data                                    0x200006a8   Section        4  stdout.o(.data)
    .data                                    0x200006ac   Section        4  mvars.o(.data)
    .data                                    0x200006b0   Section        4  mvars.o(.data)
    .data                                    0x200006b4   Section        4  errno.o(.data)
    _errno                                   0x200006b4   Data           4  errno.o(.data)
    FlexShellSection                         0x200006b8   Section      160  flexshellsys.o(FlexShellSection)
    __tagsym$$used                           0x200006b8   Number         0  flexshellsys.o(FlexShellSection)
    help_cmd                                 0x200006b8   Data          16  flexshellsys.o(FlexShellSection)
    __tagsym$$used                           0x200006c8   Number         0  flexshellsys.o(FlexShellSection)
    help_cmd2                                0x200006c8   Data          16  flexshellsys.o(FlexShellSection)
    __tagsym$$used                           0x200006d8   Number         0  flexshellsys.o(FlexShellSection)
    sys_reset_cmd                            0x200006d8   Data          16  flexshellsys.o(FlexShellSection)
    __tagsym$$used                           0x200006e8   Number         0  flexshellsys.o(FlexShellSection)
    ps_cmd                                   0x200006e8   Data          16  flexshellsys.o(FlexShellSection)
    __tagsym$$used                           0x200006f8   Number         0  flexshellsys.o(FlexShellSection)
    suspend_cmd                              0x200006f8   Data          16  flexshellsys.o(FlexShellSection)
    __tagsym$$used                           0x20000708   Number         0  flexshellsys.o(FlexShellSection)
    resume_cmd                               0x20000708   Data          16  flexshellsys.o(FlexShellSection)
    __tagsym$$used                           0x20000718   Number         0  flexshellsys.o(FlexShellSection)
    restart_cmd                              0x20000718   Data          16  flexshellsys.o(FlexShellSection)
    __tagsym$$used                           0x20000728   Number         0  flexshellsys.o(FlexShellSection)
    clear_cmd                                0x20000728   Data          16  flexshellsys.o(FlexShellSection)
    SetTime_cmd                              0x20000738   Data          16  flexshellsys.o(FlexShellSection)
    __tagsym$$used                           0x20000738   Number         0  flexshellsys.o(FlexShellSection)
    __tagsym$$used                           0x20000748   Number         0  flexshellsys.o(FlexShellSection)
    getTime_cmd                              0x20000748   Data          16  flexshellsys.o(FlexShellSection)
    FlexShellSection                         0x20000758   Section      128  flexshelluser.o(FlexShellSection)
    __tagsym$$used                           0x20000758   Number         0  flexshelluser.o(FlexShellSection)
    led_cmd                                  0x20000758   Data          16  flexshelluser.o(FlexShellSection)
    __tagsym$$used                           0x20000768   Number         0  flexshelluser.o(FlexShellSection)
    motor_cmd                                0x20000768   Data          16  flexshelluser.o(FlexShellSection)
    __tagsym$$used                           0x20000778   Number         0  flexshelluser.o(FlexShellSection)
    infrared_cmd                             0x20000778   Data          16  flexshelluser.o(FlexShellSection)
    __tagsym$$used                           0x20000788   Number         0  flexshelluser.o(FlexShellSection)
    humitemp_cmd                             0x20000788   Data          16  flexshelluser.o(FlexShellSection)
    __tagsym$$used                           0x20000798   Number         0  flexshelluser.o(FlexShellSection)
    fifo_cmd                                 0x20000798   Data          16  flexshelluser.o(FlexShellSection)
    __tagsym$$used                           0x200007a8   Number         0  flexshelluser.o(FlexShellSection)
    at_cmd                                   0x200007a8   Data          16  flexshelluser.o(FlexShellSection)
    __tagsym$$used                           0x200007b8   Number         0  flexshelluser.o(FlexShellSection)
    board_cmd                                0x200007b8   Data          16  flexshelluser.o(FlexShellSection)
    __tagsym$$used                           0x200007c8   Number         0  flexshelluser.o(FlexShellSection)
    module_cmd                               0x200007c8   Data          16  flexshelluser.o(FlexShellSection)
    .bss                                     0x200007d8   Section       12  app_aep_profile.o(.bss)
    BSP_status                               0x200007d8   Data          12  app_aep_profile.o(.bss)
    .bss                                     0x200007e4   Section       40  bc28_thread.o(.bss)
    BC28_recv_event                          0x200007f8   Data          20  bc28_thread.o(.bss)
    .bss                                     0x2000080c   Section     2192  nb_thread.o(.bss)
    recv_buf                                 0x2000080c   Data        1024  nb_thread.o(.bss)
    m_args_data                              0x20000c0c   Data          84  nb_thread.o(.bss)
    recv_fifo_buff                           0x20000c60   Data        1024  nb_thread.o(.bss)
    recv_fifo                                0x20001060   Data          20  nb_thread.o(.bss)
    .bss                                     0x2000109c   Section       20  nb_thread.o(.bss)
    .bss                                     0x200010b0   Section       25  nb_thread.o(.bss)
    .bss                                     0x200010cc   Section      336  app_uart.o(.bss)
    m_huart                                  0x200011cc   Data          64  app_uart.o(.bss)
    current_buf                              0x2000120c   Data          16  app_uart.o(.bss)
    .bss                                     0x2000121c   Section      196  log_uart.o(.bss)
    m_huart                                  0x2000121c   Data          64  log_uart.o(.bss)
    log_uart_buf                             0x2000125c   Data         132  log_uart.o(.bss)
    .bss                                     0x200012e0   Section      512  flexshell.o(.bss)
    shell_recv_buf                           0x200012e0   Data         512  flexshell.o(.bss)
    .bss                                     0x200014e0   Section       52  flexshelluser.o(.bss)
    test_buf                                 0x200014e0   Data          32  flexshelluser.o(.bss)
    m_fifo_ram                               0x20001500   Data          20  flexshelluser.o(.bss)
    .bss                                     0x20001514   Section      524  os_soft_timer.o(.bss)
    .bss                                     0x20001720   Section       84  main.o(.bss)
    .bss                                     0x20001774   Section       44  localtime.o(.bss)
    _tms                                     0x20001774   Data          44  localtime.o(.bss)
    .bss                                     0x200017a0   Section       26  asctime.o(.bss)
    result                                   0x200017a0   Data          26  asctime.o(.bss)
    HEAP                                     0x200017c0   Section      512  startup_stm32f103xb.o(HEAP)
    STACK                                    0x200019c0   Section     1024  startup_stm32f103xb.o(STACK)

    Global Symbols

    Symbol Name                              Value     Ov Type        Size  Object(Section)

    BuildAttributes$$THM_ISAv4$P$D$K$B$S$PE$A:L22UL41UL21$X:L11$S22US41US21$IEEE1$IW$USESV6$~STKCKD$USESV7$~SHL$OTIME$ROPI$EBA8$MICROLIB$REQ8$PRES8$EABIv2 0x00000000   Number         0  anon$$obj.o ABSOLUTE
    __ARM_use_no_argv                        0x00000000   Number         0  main.o ABSOLUTE
    _printf_a                                0x00000000   Number         0  stubs.o ABSOLUTE
    _printf_c                                0x00000000   Number         0  stubs.o ABSOLUTE
    _printf_charcount                        0x00000000   Number         0  stubs.o ABSOLUTE
    _printf_d                                0x00000000   Number         0  stubs.o ABSOLUTE
    _printf_e                                0x00000000   Number         0  stubs.o ABSOLUTE
    _printf_f                                0x00000000   Number         0  stubs.o ABSOLUTE
    _printf_flags                            0x00000000   Number         0  stubs.o ABSOLUTE
    _printf_fp_dec                           0x00000000   Number         0  stubs.o ABSOLUTE
    _printf_fp_hex                           0x00000000   Number         0  stubs.o ABSOLUTE
    _printf_g                                0x00000000   Number         0  stubs.o ABSOLUTE
    _printf_i                                0x00000000   Number         0  stubs.o ABSOLUTE
    _printf_int_dec                          0x00000000   Number         0  stubs.o ABSOLUTE
    _printf_l                                0x00000000   Number         0  stubs.o ABSOLUTE
    _printf_lc                               0x00000000   Number         0  stubs.o ABSOLUTE
    _printf_ll                               0x00000000   Number         0  stubs.o ABSOLUTE
    _printf_lld                              0x00000000   Number         0  stubs.o ABSOLUTE
    _printf_lli                              0x00000000   Number         0  stubs.o ABSOLUTE
    _printf_llo                              0x00000000   Number         0  stubs.o ABSOLUTE
    _printf_llu                              0x00000000   Number         0  stubs.o ABSOLUTE
    _printf_llx                              0x00000000   Number         0  stubs.o ABSOLUTE
    _printf_longlong_dec                     0x00000000   Number         0  stubs.o ABSOLUTE
    _printf_longlong_hex                     0x00000000   Number         0  stubs.o ABSOLUTE
    _printf_longlong_oct                     0x00000000   Number         0  stubs.o ABSOLUTE
    _printf_ls                               0x00000000   Number         0  stubs.o ABSOLUTE
    _printf_mbtowc                           0x00000000   Number         0  stubs.o ABSOLUTE
    _printf_n                                0x00000000   Number         0  stubs.o ABSOLUTE
    _printf_o                                0x00000000   Number         0  stubs.o ABSOLUTE
    _printf_p                                0x00000000   Number         0  stubs.o ABSOLUTE
    _printf_percent                          0x00000000   Number         0  stubs.o ABSOLUTE
    _printf_pre_padding                      0x00000000   Number         0  stubs.o ABSOLUTE
    _printf_return_value                     0x00000000   Number         0  stubs.o ABSOLUTE
    _printf_s                                0x00000000   Number         0  stubs.o ABSOLUTE
    _printf_sizespec                         0x00000000   Number         0  stubs.o ABSOLUTE
    _printf_str                              0x00000000   Number         0  stubs.o ABSOLUTE
    _printf_truncate_signed                  0x00000000   Number         0  stubs.o ABSOLUTE
    _printf_truncate_unsigned                0x00000000   Number         0  stubs.o ABSOLUTE
    _printf_u                                0x00000000   Number         0  stubs.o ABSOLUTE
    _printf_wc                               0x00000000   Number         0  stubs.o ABSOLUTE
    _printf_wctomb                           0x00000000   Number         0  stubs.o ABSOLUTE
    _printf_widthprec                        0x00000000   Number         0  stubs.o ABSOLUTE
    _printf_x                                0x00000000   Number         0  stubs.o ABSOLUTE
    __cpp_initialize__aeabi_                  - Undefined Weak Reference
    __cxa_finalize                            - Undefined Weak Reference
    _clock_init                               - Undefined Weak Reference
    _microlib_exit                            - Undefined Weak Reference
    __Vectors_Size                           0x000000ec   Number         0  startup_stm32f103xb.o ABSOLUTE
    __Vectors                                0x08000000   Data           4  startup_stm32f103xb.o(RESET)
    __Vectors_End                            0x080000ec   Data           0  startup_stm32f103xb.o(RESET)
    __main                                   0x080000ed   Thumb Code     0  entry.o(.ARM.Collect$$$$00000000)
    _main_stk                                0x080000ed   Thumb Code     0  entry2.o(.ARM.Collect$$$$00000001)
    _main_scatterload                        0x080000f1   Thumb Code     0  entry5.o(.ARM.Collect$$$$00000004)
    __main_after_scatterload                 0x080000f5   Thumb Code     0  entry5.o(.ARM.Collect$$$$00000004)
    _main_clock                              0x080000f5   Thumb Code     0  entry7b.o(.ARM.Collect$$$$00000008)
    _main_cpp_init                           0x080000f5   Thumb Code     0  entry8b.o(.ARM.Collect$$$$0000000A)
    _main_init                               0x080000f5   Thumb Code     0  entry9a.o(.ARM.Collect$$$$0000000B)
    __rt_final_cpp                           0x080000fd   Thumb Code     0  entry10a.o(.ARM.Collect$$$$0000000D)
    __rt_final_exit                          0x080000fd   Thumb Code     0  entry11a.o(.ARM.Collect$$$$0000000F)
    Reset_Handler                            0x08000101   Thumb Code     8  startup_stm32f103xb.o(.text)
    ADC1_2_IRQHandler                        0x0800011b   Thumb Code     0  startup_stm32f103xb.o(.text)
    CAN1_RX1_IRQHandler                      0x0800011b   Thumb Code     0  startup_stm32f103xb.o(.text)
    CAN1_SCE_IRQHandler                      0x0800011b   Thumb Code     0  startup_stm32f103xb.o(.text)
    DMA1_Channel1_IRQHandler                 0x0800011b   Thumb Code     0  startup_stm32f103xb.o(.text)
    DMA1_Channel2_IRQHandler                 0x0800011b   Thumb Code     0  startup_stm32f103xb.o(.text)
    DMA1_Channel3_IRQHandler                 0x0800011b   Thumb Code     0  startup_stm32f103xb.o(.text)
    DMA1_Channel4_IRQHandler                 0x0800011b   Thumb Code     0  startup_stm32f103xb.o(.text)
    DMA1_Channel5_IRQHandler                 0x0800011b   Thumb Code     0  startup_stm32f103xb.o(.text)
    DMA1_Channel6_IRQHandler                 0x0800011b   Thumb Code     0  startup_stm32f103xb.o(.text)
    DMA1_Channel7_IRQHandler                 0x0800011b   Thumb Code     0  startup_stm32f103xb.o(.text)
    EXTI0_IRQHandler                         0x0800011b   Thumb Code     0  startup_stm32f103xb.o(.text)
    EXTI15_10_IRQHandler                     0x0800011b   Thumb Code     0  startup_stm32f103xb.o(.text)
    EXTI1_IRQHandler                         0x0800011b   Thumb Code     0  startup_stm32f103xb.o(.text)
    EXTI2_IRQHandler                         0x0800011b   Thumb Code     0  startup_stm32f103xb.o(.text)
    EXTI3_IRQHandler                         0x0800011b   Thumb Code     0  startup_stm32f103xb.o(.text)
    EXTI4_IRQHandler                         0x0800011b   Thumb Code     0  startup_stm32f103xb.o(.text)
    EXTI9_5_IRQHandler                       0x0800011b   Thumb Code     0  startup_stm32f103xb.o(.text)
    FLASH_IRQHandler                         0x0800011b   Thumb Code     0  startup_stm32f103xb.o(.text)
    I2C1_ER_IRQHandler                       0x0800011b   Thumb Code     0  startup_stm32f103xb.o(.text)
    I2C1_EV_IRQHandler                       0x0800011b   Thumb Code     0  startup_stm32f103xb.o(.text)
    I2C2_ER_IRQHandler                       0x0800011b   Thumb Code     0  startup_stm32f103xb.o(.text)
    I2C2_EV_IRQHandler                       0x0800011b   Thumb Code     0  startup_stm32f103xb.o(.text)
    PVD_IRQHandler                           0x0800011b   Thumb Code     0  startup_stm32f103xb.o(.text)
    RCC_IRQHandler                           0x0800011b   Thumb Code     0  startup_stm32f103xb.o(.text)
    RTC_Alarm_IRQHandler                     0x0800011b   Thumb Code     0  startup_stm32f103xb.o(.text)
    RTC_IRQHandler                           0x0800011b   Thumb Code     0  startup_stm32f103xb.o(.text)
    SPI1_IRQHandler                          0x0800011b   Thumb Code     0  startup_stm32f103xb.o(.text)
    SPI2_IRQHandler                          0x0800011b   Thumb Code     0  startup_stm32f103xb.o(.text)
    TAMPER_IRQHandler                        0x0800011b   Thumb Code     0  startup_stm32f103xb.o(.text)
    TIM1_BRK_IRQHandler                      0x0800011b   Thumb Code     0  startup_stm32f103xb.o(.text)
    TIM1_CC_IRQHandler                       0x0800011b   Thumb Code     0  startup_stm32f103xb.o(.text)
    TIM1_TRG_COM_IRQHandler                  0x0800011b   Thumb Code     0  startup_stm32f103xb.o(.text)
    TIM1_UP_IRQHandler                       0x0800011b   Thumb Code     0  startup_stm32f103xb.o(.text)
    TIM2_IRQHandler                          0x0800011b   Thumb Code     0  startup_stm32f103xb.o(.text)
    TIM3_IRQHandler                          0x0800011b   Thumb Code     0  startup_stm32f103xb.o(.text)
    TIM4_IRQHandler                          0x0800011b   Thumb Code     0  startup_stm32f103xb.o(.text)
    USART3_IRQHandler                        0x0800011b   Thumb Code     0  startup_stm32f103xb.o(.text)
    USBWakeUp_IRQHandler                     0x0800011b   Thumb Code     0  startup_stm32f103xb.o(.text)
    USB_HP_CAN1_TX_IRQHandler                0x0800011b   Thumb Code     0  startup_stm32f103xb.o(.text)
    USB_LP_CAN1_RX0_IRQHandler               0x0800011b   Thumb Code     0  startup_stm32f103xb.o(.text)
    WWDG_IRQHandler                          0x0800011b   Thumb Code     0  startup_stm32f103xb.o(.text)
    __aeabi_llsr                             0x08000125   Thumb Code    32  llushr.o(.text)
    _ll_ushift_r                             0x08000125   Thumb Code     0  llushr.o(.text)
    toupper                                  0x08000145   Thumb Code    12  toupper.o(.text)
    localtime                                0x08000151   Thumb Code   138  localtime.o(.text)
    asctime                                  0x080001e5   Thumb Code   172  asctime.o(.text)
    ctime                                    0x080002a1   Thumb Code    14  ctime.o(.text)
    __aeabi_memcpy                           0x080002af   Thumb Code    36  memcpya.o(.text)
    __aeabi_memcpy4                          0x080002af   Thumb Code     0  memcpya.o(.text)
    __aeabi_memcpy8                          0x080002af   Thumb Code     0  memcpya.o(.text)
    __aeabi_memset                           0x080002d3   Thumb Code    14  memseta.o(.text)
    __aeabi_memset4                          0x080002d3   Thumb Code     0  memseta.o(.text)
    __aeabi_memset8                          0x080002d3   Thumb Code     0  memseta.o(.text)
    __aeabi_memclr                           0x080002e1   Thumb Code     4  memseta.o(.text)
    __aeabi_memclr4                          0x080002e1   Thumb Code     0  memseta.o(.text)
    __aeabi_memclr8                          0x080002e1   Thumb Code     0  memseta.o(.text)
    _memset$wrapper                          0x080002e5   Thumb Code    18  memseta.o(.text)
    strstr                                   0x080002f7   Thumb Code    36  strstr.o(.text)
    strlen                                   0x0800031b   Thumb Code    14  strlen.o(.text)
    strcmp                                   0x08000329   Thumb Code    28  strcmp.o(.text)
    strtol                                   0x08000345   Thumb Code   112  strtol.o(.text)
    atoi                                     0x080003b5   Thumb Code    26  atoi.o(.text)
    atol                                     0x080003cf   Thumb Code    26  atol.o(.text)
    __aeabi_fadd                             0x080003e9   Thumb Code   164  fadd.o(.text)
    __aeabi_fsub                             0x0800048d   Thumb Code     6  fadd.o(.text)
    __aeabi_frsub                            0x08000493   Thumb Code     6  fadd.o(.text)
    __aeabi_fmul                             0x08000499   Thumb Code   100  fmul.o(.text)
    __aeabi_fdiv                             0x080004fd   Thumb Code   124  fdiv.o(.text)
    __ARM_scalbnf                            0x08000579   Thumb Code    24  fscalb.o(.text)
    scalbnf                                  0x08000579   Thumb Code     0  fscalb.o(.text)
    __aeabi_i2f                              0x08000591   Thumb Code    18  fflti.o(.text)
    __aeabi_ui2f                             0x080005a3   Thumb Code    10  ffltui.o(.text)
    __aeabi_f2iz                             0x080005ad   Thumb Code    50  ffixi.o(.text)
    __aeabi_f2uiz                            0x080005df   Thumb Code    40  ffixui.o(.text)
    __aeabi_f2d                              0x08000607   Thumb Code    38  f2d.o(.text)
    __aeabi_uidiv                            0x0800062d   Thumb Code     0  uidiv.o(.text)
    __aeabi_uidivmod                         0x0800062d   Thumb Code    44  uidiv.o(.text)
    __aeabi_uldivmod                         0x08000659   Thumb Code    98  uldiv.o(.text)
    __rt_ctype_table                         0x080006bd   Thumb Code     4  ctype_o.o(.text)
    _strtoul                                 0x080006c5   Thumb Code   158  _strtoul.o(.text)
    __I$use$fp                               0x08000763   Thumb Code     0  iusefp.o(.text)
    _float_round                             0x08000763   Thumb Code    18  fepilogue.o(.text)
    _float_epilogue                          0x08000775   Thumb Code    92  fepilogue.o(.text)
    __aeabi_dadd                             0x080007d1   Thumb Code   322  dadd.o(.text)
    __aeabi_dsub                             0x08000913   Thumb Code     6  dadd.o(.text)
    __aeabi_drsub                            0x08000919   Thumb Code     6  dadd.o(.text)
    __aeabi_dmul                             0x0800091f   Thumb Code   228  dmul.o(.text)
    __aeabi_ddiv                             0x08000a03   Thumb Code   222  ddiv.o(.text)
    __aeabi_d2ulz                            0x08000ae1   Thumb Code    48  dfixul.o(.text)
    __aeabi_cdrcmple                         0x08000b11   Thumb Code    48  cdrcmple.o(.text)
    __scatterload                            0x08000b41   Thumb Code    28  init.o(.text)
    __scatterload_rt2                        0x08000b41   Thumb Code     0  init.o(.text)
    __aeabi_llsl                             0x08000b65   Thumb Code    30  llshl.o(.text)
    _ll_shift_l                              0x08000b65   Thumb Code     0  llshl.o(.text)
    __aeabi_lasr                             0x08000b83   Thumb Code    36  llsshr.o(.text)
    _ll_sshift_r                             0x08000b83   Thumb Code     0  llsshr.o(.text)
    _chval                                   0x08000ba7   Thumb Code    28  _chval.o(.text)
    _double_round                            0x08000bc3   Thumb Code    30  depilogue.o(.text)
    _double_epilogue                         0x08000be1   Thumb Code   156  depilogue.o(.text)
    __decompress                             0x08000c7d   Thumb Code     0  __dczerorl2.o(.text)
    __decompress1                            0x08000c7d   Thumb Code    86  __dczerorl2.o(.text)
    BC28_thread_init                         0x08000cd5   Thumb Code    74  bc28_thread.o(i.BC28_thread_init)
    BusFault_Handler                         0x08000d55   Thumb Code     2  stm32f1xx_it.o(i.BusFault_Handler)
    DebugMon_Handler                         0x08000d57   Thumb Code     2  stm32f1xx_it.o(i.DebugMon_Handler)
    FlexShell_init                           0x08000d59   Thumb Code    12  flexshell.o(i.FlexShell_init)
    FlexShell_port_init                      0x08000da1   Thumb Code    20  flexshell_port.o(i.FlexShell_port_init)
    FlexShell_thread_handle                  0x08000dbd   Thumb Code    34  flexshell.o(i.FlexShell_thread_handle)
    HAL_Delay                                0x08000de9   Thumb Code    32  stm32f1xx_hal.o(i.HAL_Delay)
    HAL_GPIO_Init                            0x08000e0d   Thumb Code   408  stm32f1xx_hal_gpio.o(i.HAL_GPIO_Init)
    HAL_GPIO_ReadPin                         0x08000fc9   Thumb Code    10  stm32f1xx_hal_gpio.o(i.HAL_GPIO_ReadPin)
    HAL_GPIO_WritePin                        0x08000fd3   Thumb Code    10  stm32f1xx_hal_gpio.o(i.HAL_GPIO_WritePin)
    HAL_GetTick                              0x08000fdd   Thumb Code     6  stm32f1xx_hal.o(i.HAL_GetTick)
    HAL_I2C_Init                             0x08000fe9   Thumb Code   302  stm32f1xx_hal_i2c.o(i.HAL_I2C_Init)
    HAL_I2C_Mem_Read                         0x08001129   Thumb Code   530  stm32f1xx_hal_i2c.o(i.HAL_I2C_Mem_Read)
    HAL_I2C_Mem_Write                        0x08001349   Thumb Code   306  stm32f1xx_hal_i2c.o(i.HAL_I2C_Mem_Write)
    HAL_I2C_MspInit                          0x08001485   Thumb Code    54  stm32f1xx_hal_msp.o(i.HAL_I2C_MspInit)
    HAL_IncTick                              0x080014c9   Thumb Code    12  stm32f1xx_hal.o(i.HAL_IncTick)
    HAL_Init                                 0x080014d9   Thumb Code    32  stm32f1xx_hal.o(i.HAL_Init)
    HAL_InitTick                             0x080014fd   Thumb Code    54  stm32f1xx_hal.o(i.HAL_InitTick)
    HAL_MspInit                              0x0800153d   Thumb Code   118  stm32f1xx_hal_msp.o(i.HAL_MspInit)
    HAL_NVIC_EnableIRQ                       0x080015bd   Thumb Code    22  stm32f1xx_hal_cortex.o(i.HAL_NVIC_EnableIRQ)
    HAL_NVIC_SetPriority                     0x080015d5   Thumb Code    60  stm32f1xx_hal_cortex.o(i.HAL_NVIC_SetPriority)
    HAL_NVIC_SetPriorityGrouping             0x08001615   Thumb Code    26  stm32f1xx_hal_cortex.o(i.HAL_NVIC_SetPriorityGrouping)
    HAL_NVIC_SystemReset                     0x08001639   Thumb Code    26  stm32f1xx_hal_cortex.o(i.HAL_NVIC_SystemReset)
    HAL_RCCEx_PeriphCLKConfig                0x0800165d   Thumb Code   224  stm32f1xx_hal_rcc_ex.o(i.HAL_RCCEx_PeriphCLKConfig)
    HAL_RCC_ClockConfig                      0x08001749   Thumb Code   322  stm32f1xx_hal_rcc.o(i.HAL_RCC_ClockConfig)
    HAL_RCC_GetHCLKFreq                      0x0800189d   Thumb Code     6  stm32f1xx_hal_rcc.o(i.HAL_RCC_GetHCLKFreq)
    HAL_RCC_GetPCLK1Freq                     0x080018a9   Thumb Code    20  stm32f1xx_hal_rcc.o(i.HAL_RCC_GetPCLK1Freq)
    HAL_RCC_GetPCLK2Freq                     0x080018c9   Thumb Code    20  stm32f1xx_hal_rcc.o(i.HAL_RCC_GetPCLK2Freq)
    HAL_RCC_GetSysClockFreq                  0x080018e9   Thumb Code    74  stm32f1xx_hal_rcc.o(i.HAL_RCC_GetSysClockFreq)
    HAL_RCC_OscConfig                        0x08001955   Thumb Code   750  stm32f1xx_hal_rcc.o(i.HAL_RCC_OscConfig)
    HAL_SYSTICK_CLKSourceConfig              0x08001c59   Thumb Code    24  stm32f1xx_hal_cortex.o(i.HAL_SYSTICK_CLKSourceConfig)
    HAL_SYSTICK_Callback                     0x08001c71   Thumb Code     2  stm32f1xx_hal_cortex.o(i.HAL_SYSTICK_Callback)
    HAL_SYSTICK_Config                       0x08001c73   Thumb Code    40  stm32f1xx_hal_cortex.o(i.HAL_SYSTICK_Config)
    HAL_SYSTICK_IRQHandler                   0x08001c9b   Thumb Code     8  stm32f1xx_hal_cortex.o(i.HAL_SYSTICK_IRQHandler)
    HAL_UART_MspInit                         0x08001ca5   Thumb Code   158  stm32f1xx_hal_msp.o(i.HAL_UART_MspInit)
    HTS221_Calibration                       0x08001d55   Thumb Code   436  hts221.o(i.HTS221_Calibration)
    HTS221_GetHumidity                       0x08001f0d   Thumb Code   264  hts221.o(i.HTS221_GetHumidity)
    HTS221_GetTemperature                    0x0800201d   Thumb Code   250  hts221.o(i.HTS221_GetTemperature)
    HTS221_who_am_i                          0x0800211d   Thumb Code    38  hts221.o(i.HTS221_who_am_i)
    HardFault_Handler                        0x08002143   Thumb Code     6  stm32f1xx_it.o(i.HardFault_Handler)
    HexToStr                                 0x08002149   Thumb Code    50  aepservicecodes.o(i.HexToStr)
    MemManage_Handler                        0x08002669   Thumb Code     2  stm32f1xx_it.o(i.MemManage_Handler)
    NMI_Handler                              0x0800266b   Thumb Code     2  stm32f1xx_it.o(i.NMI_Handler)
    OSSemCreat                               0x0800268d   Thumb Code    18  os_sem.o(i.OSSemCreat)
    OSSemPend                                0x0800269f   Thumb Code    26  os_sem.o(i.OSSemPend)
    OSSemPost                                0x080026b9   Thumb Code    22  os_sem.o(i.OSSemPost)
    PendSV_Handler                           0x080026cf   Thumb Code     2  stm32f1xx_it.o(i.PendSV_Handler)
    SVC_Handler                              0x080026d1   Thumb Code     2  stm32f1xx_it.o(i.SVC_Handler)
    StrToHex                                 0x080026d5   Thumb Code    80  aepservicecodes.o(i.StrToHex)
    SysTick_Handler                          0x08002725   Thumb Code    18  stm32f1xx_it.o(i.SysTick_Handler)
    SystemClock_Config                       0x08002737   Thumb Code   128  main.o(i.SystemClock_Config)
    SystemInit                               0x080027b9   Thumb Code    56  system_stm32f1xx.o(i.SystemInit)
    UART_SetConfig                           0x08002801   Thumb Code   364  stm32f1xx_hal_uart.o(i.UART_SetConfig)
    USART1_IRQHandler                        0x08002971   Thumb Code    86  app_uart.o(i.USART1_IRQHandler)
    USART2_IRQHandler                        0x080029d9   Thumb Code   102  log_uart.o(i.USART2_IRQHandler)
    UsageFault_Handler                       0x08002a4d   Thumb Code     2  stm32f1xx_it.o(i.UsageFault_Handler)
    __0printf                                0x08002c35   Thumb Code    22  printfa.o(i.__0printf)
    __1printf                                0x08002c35   Thumb Code     0  printfa.o(i.__0printf)
    __2printf                                0x08002c35   Thumb Code     0  printfa.o(i.__0printf)
    __c89printf                              0x08002c35   Thumb Code     0  printfa.o(i.__0printf)
    printf                                   0x08002c35   Thumb Code     0  printfa.o(i.__0printf)
    __0sprintf                               0x08002c55   Thumb Code    34  printfa.o(i.__0sprintf)
    __1sprintf                               0x08002c55   Thumb Code     0  printfa.o(i.__0sprintf)
    __2sprintf                               0x08002c55   Thumb Code     0  printfa.o(i.__0sprintf)
    __c89sprintf                             0x08002c55   Thumb Code     0  printfa.o(i.__0sprintf)
    sprintf                                  0x08002c55   Thumb Code     0  printfa.o(i.__0sprintf)
    __aeabi_errno_addr                       0x08002c7d   Thumb Code     4  errno.o(i.__aeabi_errno_addr)
    __rt_errno_addr                          0x08002c7d   Thumb Code     0  errno.o(i.__aeabi_errno_addr)
    __scatterload_copy                       0x08002c85   Thumb Code    14  handlers.o(i.__scatterload_copy)
    __scatterload_null                       0x08002c93   Thumb Code     2  handlers.o(i.__scatterload_null)
    __scatterload_zeroinit                   0x08002c95   Thumb Code    14  handlers.o(i.__scatterload_zeroinit)
    aep_htonf                                0x08003541   Thumb Code    12  aepservicecodes.o(i.aep_htonf)
    aep_htoni                                0x08003551   Thumb Code    12  aepservicecodes.o(i.aep_htoni)
    aep_htons                                0x08003561   Thumb Code    12  aepservicecodes.o(i.aep_htons)
    aep_thread_init                          0x08003571   Thumb Code    46  app_aep_profile.o(i.aep_thread_init)
    app_thread_init                          0x080035dd   Thumb Code    18  user_main.o(i.app_thread_init)
    app_uart_init                            0x080035f1   Thumb Code    30  app_uart.o(i.app_uart_init)
    app_uart_register_fifo                   0x08003619   Thumb Code    24  app_uart.o(i.app_uart_register_fifo)
    at_get_CON_result                        0x080036f9   Thumb Code    20  bc28_thread.o(i.at_get_CON_result)
    at_get_rsp                               0x08003881   Thumb Code   216  nb_thread.o(i.at_get_rsp)
    at_send_data                             0x08003d1d   Thumb Code    38  nb_thread.o(i.at_send_data)
    at_set_rsp                               0x08003d49   Thumb Code   124  nb_thread.o(i.at_set_rsp)
    bsp_init                                 0x08003fb5   Thumb Code    48  bsp.o(i.bsp_init)
    bsp_thread_init                          0x08003ff9   Thumb Code    20  bsp_thread.o(i.bsp_thread_init)
    codeDataReportByIdentifierToStr          0x08004035   Thumb Code   174  aepservicecodes.o(i.codeDataReportByIdentifierToStr)
    decodeCmdDownFromStr                     0x08004169   Thumb Code   314  aepservicecodes.o(i.decodeCmdDownFromStr)
    decode_aep_data                          0x080042e5   Thumb Code   496  app_aep_profile.o(i.decode_aep_data)
    delay_ms                                 0x08004639   Thumb Code     4  delay.o(i.delay_ms)
    fifo_get                                 0x08004851   Thumb Code   106  fifo.o(i.fifo_get)
    fifo_init                                0x080048bb   Thumb Code    30  fifo.o(i.fifo_init)
    fifo_put                                 0x080048d9   Thumb Code    94  fifo.o(i.fifo_put)
    fputc                                    0x08004955   Thumb Code    16  app_uart.o(i.fputc)
    free                                     0x08004969   Thumb Code    76  malloc.o(i.free)
    getStatus                                0x080049b9   Thumb Code   118  bsp.o(i.getStatus)
    get_hum_temp                             0x08004ab1   Thumb Code    12  bsp_thread.o(i.get_hum_temp)
    get_thread                               0x08004ac1   Thumb Code    26  thread.o(i.get_thread)
    get_thread_name                          0x08004ae1   Thumb Code    36  thread.o(i.get_thread_name)
    isLittleEndian                           0x08004b8d   Thumb Code    14  util.o(i.isLittleEndian)
    led_control_DecodeCmdDown                0x08004ba1   Thumb Code    46  aepservicecodes.o(i.led_control_DecodeCmdDown)
    led_control_ack_CodeCmdResponse          0x08004bd1   Thumb Code   132  aepservicecodes.o(i.led_control_ack_CodeCmdResponse)
    led_read                                 0x08004c59   Thumb Code    18  led.o(i.led_read)
    led_write                                0x08004c71   Thumb Code   124  led.o(i.led_write)
    log_read                                 0x08004cf5   Thumb Code    18  tinylog.o(i.log_read)
    log_uart_init                            0x08004d69   Thumb Code    20  log_uart.o(i.log_uart_init)
    log_uart_read                            0x08004d85   Thumb Code    50  log_uart.o(i.log_uart_read)
    main                                     0x08004de5   Thumb Code    26  main.o(i.main)
    malloc                                   0x08004e01   Thumb Code    92  malloc.o(i.malloc)
    module_power_on                          0x08004f85   Thumb Code    58  bsp.o(i.module_power_on)
    module_reset                             0x08004fc5   Thumb Code    54  bsp.o(i.module_reset)
    motor_control_DecodeCmdDown              0x08005001   Thumb Code    46  aepservicecodes.o(i.motor_control_DecodeCmdDown)
    motor_control_ack_CodeCmdResponse        0x08005031   Thumb Code   132  aepservicecodes.o(i.motor_control_ack_CodeCmdResponse)
    motor_read                               0x080050b9   Thumb Code     8  motor.o(i.motor_read)
    motor_write                              0x080050c5   Thumb Code    66  motor.o(i.motor_write)
    nb_register_syn_ack                      0x08005181   Thumb Code     6  nb_thread.o(i.nb_register_syn_ack)
    nb_send                                  0x0800518d   Thumb Code   122  nb_thread.o(i.nb_send)
    nb_syn_process                           0x08005269   Thumb Code    12  nb_thread.o(i.nb_syn_process)
    nb_thread_init                           0x08005279   Thumb Code   138  nb_thread.o(i.nb_thread_init)
    os_event_create                          0x08005411   Thumb Code    38  os_event.o(i.os_event_create)
    os_event_pend_event                      0x08005459   Thumb Code    68  os_event.o(i.os_event_pend_event)
    os_event_post_event                      0x080054d9   Thumb Code    84  os_event.o(i.os_event_post_event)
    os_event_set_event                       0x08005569   Thumb Code    40  os_event.o(i.os_event_set_event)
    os_time_get_timetick                     0x0800561d   Thumb Code     6  os_time.o(i.os_time_get_timetick)
    os_time_set_timetick                     0x08005629   Thumb Code     6  os_time.o(i.os_time_set_timetick)
    os_time_tick_handle                      0x08005635   Thumb Code    58  os_time.o(i.os_time_tick_handle)
    platform_init                            0x08005679   Thumb Code    74  bsp.o(i.platform_init)
    print_all_reg                            0x0800579d   Thumb Code   632  hts221.o(i.print_all_reg)
    read_IR_value                            0x08007c69   Thumb Code    16  bsp.o(i.read_IR_value)
    read_key_value                           0x08007c7d   Thumb Code    34  bsp.o(i.read_key_value)
    report_control_DecodeCmdDown             0x08007ccd   Thumb Code    46  aepservicecodes.o(i.report_control_DecodeCmdDown)
    report_control_ack_CodeCmdResponse       0x08007cfd   Thumb Code   132  aepservicecodes.o(i.report_control_ack_CodeCmdResponse)
    report_period_set_DecodeCmdDown          0x08007d85   Thumb Code    46  aepservicecodes.o(i.report_period_set_DecodeCmdDown)
    report_period_set_ack_CodeCmdResponse    0x08007db5   Thumb Code   132  aepservicecodes.o(i.report_period_set_ack_CodeCmdResponse)
    sensor_report_CodeDataReport             0x0800826d   Thumb Code   102  aepservicecodes.o(i.sensor_report_CodeDataReport)
    setStatus                                0x080082d9   Thumb Code    42  bsp.o(i.setStatus)
    shell_split                              0x08008391   Thumb Code   148  util.o(i.shell_split)
    soft_timer_init                          0x08008425   Thumb Code    68  os_soft_timer.o(i.soft_timer_init)
    soft_timer_register                      0x0800849d   Thumb Code   280  os_soft_timer.o(i.soft_timer_register)
    soft_timer_start                         0x080085b9   Thumb Code    50  os_soft_timer.o(i.soft_timer_start)
    soft_timer_stop                          0x080085f1   Thumb Code    16  os_soft_timer.o(i.soft_timer_stop)
    t_strtok                                 0x08008679   Thumb Code    94  util.o(i.t_strtok)
    temperatute_humidity_report_CodeDataReport 0x080086d9   Thumb Code   132  aepservicecodes.o(i.temperatute_humidity_report_CodeDataReport)
    thread_os_delete                         0x08008761   Thumb Code    72  thread.o(i.thread_os_delete)
    thread_os_register                       0x080088b9   Thumb Code    72  thread.o(i.thread_os_register)
    thread_os_restart                        0x0800892d   Thumb Code    60  thread.o(i.thread_os_restart)
    thread_os_resume                         0x080089bd   Thumb Code    58  thread.o(i.thread_os_resume)
    thread_os_start                          0x08008a51   Thumb Code   110  os_core.o(i.thread_os_start)
    thread_os_suspend                        0x08008b21   Thumb Code   100  thread.o(i.thread_os_suspend)
    thread_os_tick                           0x08008c05   Thumb Code    30  os_port.o(i.thread_os_tick)
    thread_timer_tick                        0x08008c29   Thumb Code    50  os_soft_timer.o(i.thread_timer_tick)
    ty_printf                                0x08008c65   Thumb Code    22  tinyprintf.o(i.ty_printf)
    ty_printf_init                           0x08008c7d   Thumb Code     6  tinyprintf.o(i.ty_printf_init)
    ty_vprintf                               0x08008c89   Thumb Code   408  tinyprintf.o(i.ty_vprintf)
    user_main                                0x08008e85   Thumb Code    26  user_main.o(i.user_main)
    AHBPrescTable                            0x08008eae   Data          16  system_stm32f1xx.o(.constdata)
    APBPrescTable                            0x08008ebe   Data           8  system_stm32f1xx.o(.constdata)
    __ctype_table                            0x08008f0b   Data         129  ctype_o.o(.constdata)
    Region$$Table$$Base                      0x080096ac   Number         0  anon$$obj.o(Region$$Table)
    Region$$Table$$Limit                     0x080096cc   Number         0  anon$$obj.o(Region$$Table)
    temp_flag                                0x20000000   Data           1  app_aep_profile.o(.data)
    at_module_BC28                           0x200000a0   Data        1232  bc28_thread.o(.data)
    current_at_module                        0x200005ec   Data          28  nb_thread.o(.data)
    T0_out                                   0x2000060c   Data           2  hts221.o(.data)
    T1_out                                   0x2000060e   Data           2  hts221.o(.data)
    H0_T0_out                                0x20000610   Data           2  hts221.o(.data)
    H1_T0_out                                0x20000612   Data           2  hts221.o(.data)
    T0_degC                                  0x20000614   Data           4  hts221.o(.data)
    T1_degC                                  0x20000618   Data           4  hts221.o(.data)
    H0_rh                                    0x2000061c   Data           4  hts221.o(.data)
    H1_rh                                    0x20000620   Data           4  hts221.o(.data)
    endianMode                               0x20000631   Data           1  util.o(.data)
    ty_write                                 0x2000065c   Data           4  tinyprintf.o(.data)
    process_list                             0x20000664   Data           4  thread.o(.data)
    os_running                               0x20000668   Data           1  os_core.o(.data)
    thread_use_tick                          0x2000066c   Data           4  os_core.o(.data)
    current_thread                           0x20000670   Data           4  os_core.o(.data)
    uwTickFreq                               0x20000698   Data           1  stm32f1xx_hal.o(.data)
    uwTickPrio                               0x2000069c   Data           4  stm32f1xx_hal.o(.data)
    uwTick                                   0x200006a0   Data           4  stm32f1xx_hal.o(.data)
    SystemCoreClock                          0x200006a4   Data           4  system_stm32f1xx.o(.data)
    __stdout                                 0x200006a8   Data           4  stdout.o(.data)
    __microlib_freelist                      0x200006ac   Data           4  mvars.o(.data)
    __microlib_freelist_initialised          0x200006b0   Data           4  mvars.o(.data)
    FlexShellSection$$Base                   0x200006b8   Number         0  flexshellsys.o(FlexShellSection)
    FlexShellSection$$Limit                  0x200007d8   Number         0  flexshelluser.o(FlexShellSection)
    BC28_event                               0x200007e4   Data          20  bc28_thread.o(.bss)
    NB_event                                 0x20001074   Data          20  nb_thread.o(.bss)
    NB_recv_event                            0x20001088   Data          20  nb_thread.o(.bss)
    NB_IMEI                                  0x2000109c   Data          20  nb_thread.o(.bss)
    NB_ICCID                                 0x200010b0   Data          25  nb_thread.o(.bss)
    uart_buf                                 0x200010cc   Data         256  app_uart.o(.bss)
    OS_SoftTimer                             0x20001514   Data         524  os_soft_timer.o(.bss)
    hi2c1                                    0x20001720   Data          84  main.o(.bss)
    __heap_base                              0x200017c0   Data           0  startup_stm32f103xb.o(HEAP)
    __heap_limit                             0x200019c0   Data           0  startup_stm32f103xb.o(HEAP)
    __initial_sp                             0x20001dc0   Data           0  startup_stm32f103xb.o(STACK)



==============================================================================

Memory Map of the image

  Image Entry point : 0x080000ed

  Load Region LR_IROM1 (Base: 0x08000000, Size: 0x00009ea4, Max: 0x00020000, ABSOLUTE, COMPRESSED[0x000098cc])

    Execution Region ER_IROM1 (Base: 0x08000000, Size: 0x000096cc, Max: 0x00020000, ABSOLUTE)

    Base Addr    Size         Type   Attr      Idx    E Section Name        Object

    0x08000000   0x000000ec   Data   RO         3953    RESET               startup_stm32f103xb.o
    0x080000ec   0x00000000   Code   RO         3958  * .ARM.Collect$$$$00000000  mc_w.l(entry.o)
    0x080000ec   0x00000004   Code   RO         4300    .ARM.Collect$$$$00000001  mc_w.l(entry2.o)
    0x080000f0   0x00000004   Code   RO         4303    .ARM.Collect$$$$00000004  mc_w.l(entry5.o)
    0x080000f4   0x00000000   Code   RO         4305    .ARM.Collect$$$$00000008  mc_w.l(entry7b.o)
    0x080000f4   0x00000000   Code   RO         4307    .ARM.Collect$$$$0000000A  mc_w.l(entry8b.o)
    0x080000f4   0x00000008   Code   RO         4308    .ARM.Collect$$$$0000000B  mc_w.l(entry9a.o)
    0x080000fc   0x00000000   Code   RO         4310    .ARM.Collect$$$$0000000D  mc_w.l(entry10a.o)
    0x080000fc   0x00000000   Code   RO         4312    .ARM.Collect$$$$0000000F  mc_w.l(entry11a.o)
    0x080000fc   0x00000004   Code   RO         4301    .ARM.Collect$$$$00002712  mc_w.l(entry2.o)
    0x08000100   0x00000024   Code   RO         3954    .text               startup_stm32f103xb.o
    0x08000124   0x00000020   Code   RO         3961    .text               mc_w.l(llushr.o)
    0x08000144   0x0000000c   Code   RO         3963    .text               mc_w.l(toupper.o)
    0x08000150   0x00000094   Code   RO         3965    .text               mc_w.l(localtime.o)
    0x080001e4   0x000000bc   Code   RO         3969    .text               mc_w.l(asctime.o)
    0x080002a0   0x0000000e   Code   RO         3973    .text               mc_w.l(ctime.o)
    0x080002ae   0x00000024   Code   RO         3975    .text               mc_w.l(memcpya.o)
    0x080002d2   0x00000024   Code   RO         3977    .text               mc_w.l(memseta.o)
    0x080002f6   0x00000024   Code   RO         3979    .text               mc_w.l(strstr.o)
    0x0800031a   0x0000000e   Code   RO         3981    .text               mc_w.l(strlen.o)
    0x08000328   0x0000001c   Code   RO         3983    .text               mc_w.l(strcmp.o)
    0x08000344   0x00000070   Code   RO         4276    .text               mc_w.l(strtol.o)
    0x080003b4   0x0000001a   Code   RO         4278    .text               mc_w.l(atoi.o)
    0x080003ce   0x0000001a   Code   RO         4280    .text               mc_w.l(atol.o)
    0x080003e8   0x000000b0   Code   RO         4282    .text               mf_w.l(fadd.o)
    0x08000498   0x00000064   Code   RO         4284    .text               mf_w.l(fmul.o)
    0x080004fc   0x0000007c   Code   RO         4286    .text               mf_w.l(fdiv.o)
    0x08000578   0x00000018   Code   RO         4288    .text               mf_w.l(fscalb.o)
    0x08000590   0x00000012   Code   RO         4290    .text               mf_w.l(fflti.o)
    0x080005a2   0x0000000a   Code   RO         4292    .text               mf_w.l(ffltui.o)
    0x080005ac   0x00000032   Code   RO         4294    .text               mf_w.l(ffixi.o)
    0x080005de   0x00000028   Code   RO         4296    .text               mf_w.l(ffixui.o)
    0x08000606   0x00000026   Code   RO         4298    .text               mf_w.l(f2d.o)
    0x0800062c   0x0000002c   Code   RO         4315    .text               mc_w.l(uidiv.o)
    0x08000658   0x00000062   Code   RO         4317    .text               mc_w.l(uldiv.o)
    0x080006ba   0x00000002   PAD
    0x080006bc   0x00000008   Code   RO         4319    .text               mc_w.l(ctype_o.o)
    0x080006c4   0x0000009e   Code   RO         4356    .text               mc_w.l(_strtoul.o)
    0x08000762   0x00000000   Code   RO         4358    .text               mc_w.l(iusefp.o)
    0x08000762   0x0000006e   Code   RO         4359    .text               mf_w.l(fepilogue.o)
    0x080007d0   0x0000014e   Code   RO         4361    .text               mf_w.l(dadd.o)
    0x0800091e   0x000000e4   Code   RO         4363    .text               mf_w.l(dmul.o)
    0x08000a02   0x000000de   Code   RO         4365    .text               mf_w.l(ddiv.o)
    0x08000ae0   0x00000030   Code   RO         4367    .text               mf_w.l(dfixul.o)
    0x08000b10   0x00000030   Code   RO         4369    .text               mf_w.l(cdrcmple.o)
    0x08000b40   0x00000024   Code   RO         4371    .text               mc_w.l(init.o)
    0x08000b64   0x0000001e   Code   RO         4373    .text               mc_w.l(llshl.o)
    0x08000b82   0x00000024   Code   RO         4375    .text               mc_w.l(llsshr.o)
    0x08000ba6   0x0000001c   Code   RO         4377    .text               mc_w.l(_chval.o)
    0x08000bc2   0x000000ba   Code   RO         4379    .text               mf_w.l(depilogue.o)
    0x08000c7c   0x00000056   Code   RO         4389    .text               mc_w.l(__dczerorl2.o)
    0x08000cd2   0x00000002   PAD
    0x08000cd4   0x00000080   Code   RO          473    i.BC28_thread_init  bc28_thread.o
    0x08000d54   0x00000002   Code   RO         3838    i.BusFault_Handler  stm32f1xx_it.o
    0x08000d56   0x00000002   Code   RO         3839    i.DebugMon_Handler  stm32f1xx_it.o
    0x08000d58   0x00000048   Code   RO         1194    i.FlexShell_init    flexshell.o
    0x08000da0   0x0000001c   Code   RO         1227    i.FlexShell_port_init  flexshell_port.o
    0x08000dbc   0x0000002c   Code   RO         1195    i.FlexShell_thread_handle  flexshell.o
    0x08000de8   0x00000024   Code   RO         3244    i.HAL_Delay         stm32f1xx_hal.o
    0x08000e0c   0x000001bc   Code   RO         2408    i.HAL_GPIO_Init     stm32f1xx_hal_gpio.o
    0x08000fc8   0x0000000a   Code   RO         2410    i.HAL_GPIO_ReadPin  stm32f1xx_hal_gpio.o
    0x08000fd2   0x0000000a   Code   RO         2412    i.HAL_GPIO_WritePin  stm32f1xx_hal_gpio.o
    0x08000fdc   0x0000000c   Code   RO         3248    i.HAL_GetTick       stm32f1xx_hal.o
    0x08000fe8   0x00000140   Code   RO         2680    i.HAL_I2C_Init      stm32f1xx_hal_i2c.o
    0x08001128   0x00000220   Code   RO         2696    i.HAL_I2C_Mem_Read  stm32f1xx_hal_i2c.o
    0x08001348   0x0000013c   Code   RO         2699    i.HAL_I2C_Mem_Write  stm32f1xx_hal_i2c.o
    0x08001484   0x00000044   Code   RO         3779    i.HAL_I2C_MspInit   stm32f1xx_hal_msp.o
    0x080014c8   0x00000010   Code   RO         3252    i.HAL_IncTick       stm32f1xx_hal.o
    0x080014d8   0x00000024   Code   RO         3253    i.HAL_Init          stm32f1xx_hal.o
    0x080014fc   0x00000040   Code   RO         3254    i.HAL_InitTick      stm32f1xx_hal.o
    0x0800153c   0x00000080   Code   RO         3780    i.HAL_MspInit       stm32f1xx_hal_msp.o
    0x080015bc   0x00000016   Code   RO         2290    i.HAL_NVIC_EnableIRQ  stm32f1xx_hal_cortex.o
    0x080015d2   0x00000002   PAD
    0x080015d4   0x00000040   Code   RO         2296    i.HAL_NVIC_SetPriority  stm32f1xx_hal_cortex.o
    0x08001614   0x00000024   Code   RO         2297    i.HAL_NVIC_SetPriorityGrouping  stm32f1xx_hal_cortex.o
    0x08001638   0x00000024   Code   RO         2298    i.HAL_NVIC_SystemReset  stm32f1xx_hal_cortex.o
    0x0800165c   0x000000ec   Code   RO         2032    i.HAL_RCCEx_PeriphCLKConfig  stm32f1xx_hal_rcc_ex.o
    0x08001748   0x00000154   Code   RO         2169    i.HAL_RCC_ClockConfig  stm32f1xx_hal_rcc.o
    0x0800189c   0x0000000c   Code   RO         2174    i.HAL_RCC_GetHCLKFreq  stm32f1xx_hal_rcc.o
    0x080018a8   0x00000020   Code   RO         2176    i.HAL_RCC_GetPCLK1Freq  stm32f1xx_hal_rcc.o
    0x080018c8   0x00000020   Code   RO         2177    i.HAL_RCC_GetPCLK2Freq  stm32f1xx_hal_rcc.o
    0x080018e8   0x0000006c   Code   RO         2178    i.HAL_RCC_GetSysClockFreq  stm32f1xx_hal_rcc.o
    0x08001954   0x00000304   Code   RO         2181    i.HAL_RCC_OscConfig  stm32f1xx_hal_rcc.o
    0x08001c58   0x00000018   Code   RO         2299    i.HAL_SYSTICK_CLKSourceConfig  stm32f1xx_hal_cortex.o
    0x08001c70   0x00000002   Code   RO         2300    i.HAL_SYSTICK_Callback  stm32f1xx_hal_cortex.o
    0x08001c72   0x00000028   Code   RO         2301    i.HAL_SYSTICK_Config  stm32f1xx_hal_cortex.o
    0x08001c9a   0x00000008   Code   RO         2302    i.HAL_SYSTICK_IRQHandler  stm32f1xx_hal_cortex.o
    0x08001ca2   0x00000002   PAD
    0x08001ca4   0x000000b0   Code   RO         3784    i.HAL_UART_MspInit  stm32f1xx_hal_msp.o
    0x08001d54   0x000001b8   Code   RO          844    i.HTS221_Calibration  hts221.o
    0x08001f0c   0x00000110   Code   RO          845    i.HTS221_GetHumidity  hts221.o
    0x0800201c   0x00000100   Code   RO          846    i.HTS221_GetTemperature  hts221.o
    0x0800211c   0x00000026   Code   RO          847    i.HTS221_who_am_i   hts221.o
    0x08002142   0x00000006   Code   RO         3840    i.HardFault_Handler  stm32f1xx_it.o
    0x08002148   0x00000032   Code   RO          240    i.HexToStr          aepservicecodes.o
    0x0800217a   0x00000028   Code   RO         2718    i.I2C_IsAcknowledgeFailed  stm32f1xx_hal_i2c.o
    0x080021a2   0x00000002   PAD
    0x080021a4   0x0000001c   Code   RO          848    i.I2C_Read          hts221.o
    0x080021c0   0x000000f0   Code   RO         2727    i.I2C_RequestMemoryRead  stm32f1xx_hal_i2c.o
    0x080022b0   0x000000a0   Code   RO         2728    i.I2C_RequestMemoryWrite  stm32f1xx_hal_i2c.o
    0x08002350   0x0000004e   Code   RO         2731    i.I2C_WaitOnBTFFlagUntilTimeout  stm32f1xx_hal_i2c.o
    0x0800239e   0x00000060   Code   RO         2732    i.I2C_WaitOnFlagUntilTimeout  stm32f1xx_hal_i2c.o
    0x080023fe   0x00000002   PAD
    0x08002400   0x00000088   Code   RO         2733    i.I2C_WaitOnMasterAddressFlagUntilTimeout  stm32f1xx_hal_i2c.o
    0x08002488   0x00000062   Code   RO         2734    i.I2C_WaitOnRXNEFlagUntilTimeout  stm32f1xx_hal_i2c.o
    0x080024ea   0x0000004e   Code   RO         2735    i.I2C_WaitOnTXEFlagUntilTimeout  stm32f1xx_hal_i2c.o
    0x08002538   0x0000001c   Code   RO          849    i.I2C_Write         hts221.o
    0x08002554   0x000000dc   Code   RO         3723    i.MX_GPIO_Init      main.o
    0x08002630   0x00000038   Code   RO         3724    i.MX_I2C1_Init      main.o
    0x08002668   0x00000002   Code   RO         3841    i.MemManage_Handler  stm32f1xx_it.o
    0x0800266a   0x00000002   Code   RO         3842    i.NMI_Handler       stm32f1xx_it.o
    0x0800266c   0x00000020   Code   RO         2303    i.NVIC_SetPriority  stm32f1xx_hal_cortex.o
    0x0800268c   0x00000012   Code   RO         1596    i.OSSemCreat        os_sem.o
    0x0800269e   0x0000001a   Code   RO         1597    i.OSSemPend         os_sem.o
    0x080026b8   0x00000016   Code   RO         1598    i.OSSemPost         os_sem.o
    0x080026ce   0x00000002   Code   RO         3843    i.PendSV_Handler    stm32f1xx_it.o
    0x080026d0   0x00000002   Code   RO         3844    i.SVC_Handler       stm32f1xx_it.o
    0x080026d2   0x00000002   PAD
    0x080026d4   0x00000050   Code   RO          241    i.StrToHex          aepservicecodes.o
    0x08002724   0x00000012   Code   RO         3845    i.SysTick_Handler   stm32f1xx_it.o
    0x08002736   0x00000080   Code   RO         3725    i.SystemClock_Config  main.o
    0x080027b6   0x00000002   PAD
    0x080027b8   0x00000048   Code   RO         3917    i.SystemInit        system_stm32f1xx.o
    0x08002800   0x00000170   Code   RO         3447    i.UART_SetConfig    stm32f1xx_hal_uart.o
    0x08002970   0x00000068   Code   RO          906    i.USART1_IRQHandler  app_uart.o
    0x080029d8   0x00000074   Code   RO          966    i.USART2_IRQHandler  log_uart.o
    0x08002a4c   0x00000002   Code   RO         3846    i.UsageFault_Handler  stm32f1xx_it.o
    0x08002a4e   0x00000002   PAD
    0x08002a50   0x000000c6   Code   RO         1367    i._PrintInt         tinyprintf.o
    0x08002b16   0x00000002   PAD
    0x08002b18   0x000000d4   Code   RO         1368    i._PrintUnsigned    tinyprintf.o
    0x08002bec   0x00000048   Code   RO         1369    i._StoreChar        tinyprintf.o
    0x08002c34   0x00000020   Code   RO         4220    i.__0printf         mc_w.l(printfa.o)
    0x08002c54   0x00000028   Code   RO         4222    i.__0sprintf        mc_w.l(printfa.o)
    0x08002c7c   0x00000008   Code   RO         4349    i.__aeabi_errno_addr  mc_w.l(errno.o)
    0x08002c84   0x0000000e   Code   RO         4383    i.__scatterload_copy  mc_w.l(handlers.o)
    0x08002c92   0x00000002   Code   RO         4384    i.__scatterload_null  mc_w.l(handlers.o)
    0x08002c94   0x0000000e   Code   RO         4385    i.__scatterload_zeroinit  mc_w.l(handlers.o)
    0x08002ca2   0x00000002   PAD
    0x08002ca4   0x00000164   Code   RO         4227    i._fp_digits        mc_w.l(printfa.o)
    0x08002e08   0x000006dc   Code   RO         4228    i._printf_core      mc_w.l(printfa.o)
    0x080034e4   0x00000024   Code   RO         4229    i._printf_post_padding  mc_w.l(printfa.o)
    0x08003508   0x0000002e   Code   RO         4230    i._printf_pre_padding  mc_w.l(printfa.o)
    0x08003536   0x0000000a   Code   RO         4232    i._sputc            mc_w.l(printfa.o)
    0x08003540   0x00000010   Code   RO          243    i.aep_htonf         aepservicecodes.o
    0x08003550   0x00000010   Code   RO          244    i.aep_htoni         aepservicecodes.o
    0x08003560   0x00000010   Code   RO          246    i.aep_htons         aepservicecodes.o
    0x08003570   0x0000006c   Code   RO            4    i.aep_thread_init   app_aep_profile.o
    0x080035dc   0x00000012   Code   RO          399    i.app_thread_init   user_main.o
    0x080035ee   0x00000002   PAD
    0x080035f0   0x00000028   Code   RO          907    i.app_uart_init     app_uart.o
    0x08003618   0x0000002c   Code   RO          908    i.app_uart_register_fifo  app_uart.o
    0x08003644   0x00000064   Code   RO          909    i.app_uart_timout_cb  app_uart.o
    0x080036a8   0x00000050   Code   RO          474    i.at_config_recv_msg_indication  bc28_thread.o
    0x080036f8   0x0000001c   Code   RO          475    i.at_get_CON_result  bc28_thread.o
    0x08003714   0x00000088   Code   RO          548    i.at_get_URC_result  nb_thread.o
    0x0800379c   0x00000030   Code   RO          549    i.at_get_cmd        nb_thread.o
    0x080037cc   0x0000002c   Code   RO          550    i.at_get_req_cmd    nb_thread.o
    0x080037f8   0x00000088   Code   RO          551    i.at_get_req_result  nb_thread.o
    0x08003880   0x000000dc   Code   RO          552    i.at_get_rsp        nb_thread.o
    0x0800395c   0x00000160   Code   RO          476    i.at_process_URC    bc28_thread.o
    0x08003abc   0x000000b8   Code   RO          553    i.at_process_rsp    nb_thread.o
    0x08003b74   0x00000024   Code   RO          477    i.at_recv_data      bc28_thread.o
    0x08003b98   0x0000011c   Code   RO          554    i.at_send           nb_thread.o
    0x08003cb4   0x00000068   Code   RO          478    i.at_send_data      bc28_thread.o
    0x08003d1c   0x0000002c   Code   RO          555    i.at_send_data      nb_thread.o
    0x08003d48   0x00000080   Code   RO          556    i.at_set_rsp        nb_thread.o
    0x08003dc8   0x000001ec   Code   RO         1321    i.bsp_cmd_func      flexshelluser.o
    0x08003fb4   0x00000044   Code   RO          679    i.bsp_init          bsp.o
    0x08003ff8   0x00000038   Code   RO          435    i.bsp_thread_init   bsp_thread.o
    0x08004030   0x00000002   Code   RO         1250    i.clr_dis_func      flexshellsys.o
    0x08004032   0x00000002   PAD
    0x08004034   0x00000134   Code   RO          250    i.codeDataReportByIdentifierToStr  aepservicecodes.o
    0x08004168   0x0000017c   Code   RO          252    i.decodeCmdDownFromStr  aepservicecodes.o
    0x080042e4   0x00000354   Code   RO            5    i.decode_aep_data   app_aep_profile.o
    0x08004638   0x00000004   Code   RO          748    i.delay_ms          delay.o
    0x0800463c   0x0000006c   Code   RO         1196    i.do_shell_cmd      flexshell.o
    0x080046a8   0x0000003c   Code   RO         1251    i.do_show_help      flexshellsys.o
    0x080046e4   0x0000016c   Code   RO         1322    i.fifo_func         flexshelluser.o
    0x08004850   0x0000006a   Code   RO         1718    i.fifo_get          fifo.o
    0x080048ba   0x0000001e   Code   RO         1720    i.fifo_init         fifo.o
    0x080048d8   0x0000005e   Code   RO         1721    i.fifo_put          fifo.o
    0x08004936   0x0000001e   Code   RO         1078    i.find_use_targe    util.o
    0x08004954   0x00000014   Code   RO          910    i.fputc             app_uart.o
    0x08004968   0x00000050   Code   RO         4248    i.free              mc_w.l(malloc.o)
    0x080049b8   0x00000076   Code   RO          680    i.getStatus         bsp.o
    0x08004a2e   0x00000002   PAD
    0x08004a30   0x00000080   Code   RO         1323    i.get_board_infor   flexshelluser.o
    0x08004ab0   0x00000010   Code   RO          436    i.get_hum_temp      bsp_thread.o
    0x08004ac0   0x00000020   Code   RO         1437    i.get_thread        thread.o
    0x08004ae0   0x00000028   Code   RO         1438    i.get_thread_name   thread.o
    0x08004b08   0x00000084   Code   RO         1252    i.get_time          flexshellsys.o
    0x08004b8c   0x00000014   Code   RO         1084    i.isLittleEndian    util.o
    0x08004ba0   0x0000002e   Code   RO          253    i.led_control_DecodeCmdDown  aepservicecodes.o
    0x08004bce   0x00000002   PAD
    0x08004bd0   0x00000088   Code   RO          254    i.led_control_ack_CodeCmdResponse  aepservicecodes.o
    0x08004c58   0x00000018   Code   RO          776    i.led_read          led.o
    0x08004c70   0x00000084   Code   RO          777    i.led_write         led.o
    0x08004cf4   0x00000012   Code   RO         1416    i.log_read          tinylog.o
    0x08004d06   0x00000002   PAD
    0x08004d08   0x00000060   Code   RO          967    i.log_uart_Init     log_uart.o
    0x08004d68   0x0000001c   Code   RO          968    i.log_uart_init     log_uart.o
    0x08004d84   0x0000003c   Code   RO          969    i.log_uart_read     log_uart.o
    0x08004dc0   0x00000024   Code   RO          970    i.log_uart_write    log_uart.o
    0x08004de4   0x0000001a   Code   RO         3727    i.main              main.o
    0x08004dfe   0x00000002   PAD
    0x08004e00   0x0000006c   Code   RO         4249    i.malloc            mc_w.l(malloc.o)
    0x08004e6c   0x000000a4   Code   RO         1324    i.manufacturer_at_func  flexshelluser.o
    0x08004f10   0x00000074   Code   RO          557    i.module_cmd_table_init  nb_thread.o
    0x08004f84   0x00000040   Code   RO          681    i.module_power_on   bsp.o
    0x08004fc4   0x0000003c   Code   RO          682    i.module_reset      bsp.o
    0x08005000   0x0000002e   Code   RO          255    i.motor_control_DecodeCmdDown  aepservicecodes.o
    0x0800502e   0x00000002   PAD
    0x08005030   0x00000088   Code   RO          256    i.motor_control_ack_CodeCmdResponse  aepservicecodes.o
    0x080050b8   0x0000000c   Code   RO          812    i.motor_read        motor.o
    0x080050c4   0x0000004c   Code   RO          813    i.motor_write       motor.o
    0x08005110   0x00000070   Code   RO         1325    i.nb_module_infor   flexshelluser.o
    0x08005180   0x0000000c   Code   RO          558    i.nb_register_syn_ack  nb_thread.o
    0x0800518c   0x000000dc   Code   RO          559    i.nb_send           nb_thread.o
    0x08005268   0x00000010   Code   RO          560    i.nb_syn_process    nb_thread.o
    0x08005278   0x000000c8   Code   RO          561    i.nb_thread_init    nb_thread.o
    0x08005340   0x000000d0   Code   RO            6    i.nb_timer_cb       app_aep_profile.o
    0x08005410   0x00000048   Code   RO         1536    i.os_event_create   os_event.o
    0x08005458   0x00000080   Code   RO         1537    i.os_event_pend_event  os_event.o
    0x080054d8   0x00000090   Code   RO         1538    i.os_event_post_event  os_event.o
    0x08005568   0x00000048   Code   RO         1539    i.os_event_set_event  os_event.o
    0x080055b0   0x0000006c   Code   RO         1620    i.os_rt_timer_tick  os_soft_timer.o
    0x0800561c   0x0000000c   Code   RO         1677    i.os_time_get_timetick  os_time.o
    0x08005628   0x0000000c   Code   RO         1678    i.os_time_set_timetick  os_time.o
    0x08005634   0x00000044   Code   RO         1679    i.os_time_tick_handle  os_time.o
    0x08005678   0x00000124   Code   RO          683    i.platform_init     bsp.o
    0x0800579c   0x000004c4   Code   RO          850    i.print_all_reg     hts221.o
    0x08005c60   0x00000174   Code   RO          479    i.process_thread_BC28_event_process  bc28_thread.o
    0x08005dd4   0x00000d18   Code   RO          480    i.process_thread_BC28_init_process  bc28_thread.o
    0x08006aec   0x0000003c   Code   RO         1228    i.process_thread_FlexShell_process  flexshell_port.o
    0x08006b28   0x000001f4   Code   RO            7    i.process_thread_app_process  app_aep_profile.o
    0x08006d1c   0x0000020c   Code   RO          437    i.process_thread_bsp_process  bsp_thread.o
    0x08006f28   0x000007f8   Code   RO          562    i.process_thread_nb_init_process  nb_thread.o
    0x08007720   0x0000007c   Code   RO          563    i.process_thread_nb_recvdata_process  nb_thread.o
    0x0800779c   0x00000178   Code   RO          564    i.process_thread_nb_rsp_process  nb_thread.o
    0x08007914   0x000000ac   Code   RO         1621    i.process_thread_thread_timer_process  os_soft_timer.o
    0x080079c0   0x000002a8   Code   RO         1253    i.ps_func           flexshellsys.o
    0x08007c68   0x00000014   Code   RO          684    i.read_IR_value     bsp.o
    0x08007c7c   0x00000028   Code   RO          685    i.read_key_value    bsp.o
    0x08007ca4   0x00000028   Code   RO          565    i.release_req       nb_thread.o
    0x08007ccc   0x0000002e   Code   RO          257    i.report_control_DecodeCmdDown  aepservicecodes.o
    0x08007cfa   0x00000002   PAD
    0x08007cfc   0x00000088   Code   RO          258    i.report_control_ack_CodeCmdResponse  aepservicecodes.o
    0x08007d84   0x0000002e   Code   RO          259    i.report_period_set_DecodeCmdDown  aepservicecodes.o
    0x08007db2   0x00000002   PAD
    0x08007db4   0x00000088   Code   RO          260    i.report_period_set_ack_CodeCmdResponse  aepservicecodes.o
    0x08007e3c   0x00000094   Code   RO         1254    i.restart_func      flexshellsys.o
    0x08007ed0   0x00000094   Code   RO         1255    i.resume_func       flexshellsys.o
    0x08007f64   0x00000074   Code   RO            8    i.send_data_asy_callback  app_aep_profile.o
    0x08007fd8   0x00000124   Code   RO            9    i.send_data_syn_callback  app_aep_profile.o
    0x080080fc   0x000000bc   Code   RO           10    i.send_msg          app_aep_profile.o
    0x080081b8   0x00000094   Code   RO           11    i.send_sensor_data  app_aep_profile.o
    0x0800824c   0x00000020   Code   RO          566    i.send_timer_cb     nb_thread.o
    0x0800826c   0x0000006c   Code   RO          261    i.sensor_report_CodeDataReport  aepservicecodes.o
    0x080082d8   0x00000038   Code   RO          686    i.setStatus         bsp.o
    0x08008310   0x00000080   Code   RO         1256    i.set_timestamp     flexshellsys.o
    0x08008390   0x00000094   Code   RO         1089    i.shell_split       util.o
    0x08008424   0x00000078   Code   RO         1622    i.soft_timer_init   os_soft_timer.o
    0x0800849c   0x0000011c   Code   RO         1623    i.soft_timer_register  os_soft_timer.o
    0x080085b8   0x00000038   Code   RO         1624    i.soft_timer_start  os_soft_timer.o
    0x080085f0   0x00000010   Code   RO         1625    i.soft_timer_stop   os_soft_timer.o
    0x08008600   0x00000074   Code   RO         1257    i.suspend_func      flexshellsys.o
    0x08008674   0x00000004   Code   RO         1258    i.sys_reset         flexshellsys.o
    0x08008678   0x0000005e   Code   RO         1090    i.t_strtok          util.o
    0x080086d6   0x00000002   PAD
    0x080086d8   0x00000088   Code   RO          262    i.temperatute_humidity_report_CodeDataReport  aepservicecodes.o
    0x08008760   0x000000b4   Code   RO         1439    i.thread_os_delete  thread.o
    0x08008814   0x000000a4   Code   RO         1508    i.thread_os_init    os_core.o
    0x080088b8   0x00000074   Code   RO         1440    i.thread_os_register  thread.o
    0x0800892c   0x00000090   Code   RO         1441    i.thread_os_restart  thread.o
    0x080089bc   0x00000094   Code   RO         1442    i.thread_os_resume  thread.o
    0x08008a50   0x000000d0   Code   RO         1509    i.thread_os_start   os_core.o
    0x08008b20   0x000000e4   Code   RO         1444    i.thread_os_suspend  thread.o
    0x08008c04   0x00000024   Code   RO         1703    i.thread_os_tick    os_port.o
    0x08008c28   0x0000003c   Code   RO         1627    i.thread_timer_tick  os_soft_timer.o
    0x08008c64   0x00000016   Code   RO         1370    i.ty_printf         tinyprintf.o
    0x08008c7a   0x00000002   PAD
    0x08008c7c   0x0000000c   Code   RO         1371    i.ty_printf_init    tinyprintf.o
    0x08008c88   0x0000019c   Code   RO         1372    i.ty_vprintf        tinyprintf.o
    0x08008e24   0x00000060   Code   RO          911    i.uart_Init         app_uart.o
    0x08008e84   0x0000001a   Code   RO          400    i.user_main         user_main.o
    0x08008e9e   0x00000010   Data   RO         1373    .constdata          tinyprintf.o
    0x08008eae   0x00000010   Data   RO         3918    .constdata          system_stm32f1xx.o
    0x08008ebe   0x00000008   Data   RO         3919    .constdata          system_stm32f1xx.o
    0x08008ec6   0x0000000c   Data   RO         3967    .constdata          mc_w.l(localtime.o)
    0x08008ed2   0x00000039   Data   RO         3971    .constdata          mc_w.l(asctime.o)
    0x08008f0b   0x00000081   Data   RO         4320    .constdata          mc_w.l(ctype_o.o)
    0x08008f8c   0x00000004   Data   RO         4321    .constdata          mc_w.l(ctype_o.o)
    0x08008f90   0x0000000b   Data   RO           13    .conststring        app_aep_profile.o
    0x08008f9b   0x00000001   PAD
    0x08008f9c   0x0000000b   Data   RO          438    .conststring        bsp_thread.o
    0x08008fa7   0x00000001   PAD
    0x08008fa8   0x00000026   Data   RO          482    .conststring        bc28_thread.o
    0x08008fce   0x00000002   PAD
    0x08008fd0   0x00000137   Data   RO          483    .conststring        bc28_thread.o
    0x08009107   0x00000001   PAD
    0x08009108   0x00000033   Data   RO          570    .conststring        nb_thread.o
    0x0800913b   0x00000001   PAD
    0x0800913c   0x00000048   Data   RO          913    .conststring        app_uart.o
    0x08009184   0x00000011   Data   RO         1229    .conststring        flexshell_port.o
    0x08009195   0x00000003   PAD
    0x08009198   0x00000107   Data   RO         1259    .conststring        flexshellsys.o
    0x0800929f   0x00000001   PAD
    0x080092a0   0x0000007c   Data   RO         1327    .conststring        flexshelluser.o
    0x0800931c   0x00000049   Data   RO         1445    .conststring        thread.o
    0x08009365   0x00000003   PAD
    0x08009368   0x0000000f   Data   RO         1629    .conststring        os_soft_timer.o
    0x08009377   0x00000001   PAD
    0x08009378   0x000001bf   Data   RO         1260    .conststrlit        flexshellsys.o
    0x08009537   0x00000001   PAD
    0x08009538   0x00000174   Data   RO         1328    .conststrlit        flexshelluser.o
    0x080096ac   0x00000020   Data   RO         4381    Region$$Table       anon$$obj.o


    Execution Region RW_IRAM1 (Base: 0x20000000, Size: 0x00001dc0, Max: 0x00005000, ABSOLUTE, COMPRESSED[0x00000200])

    Base Addr    Size         Type   Attr      Idx    E Section Name        Object

    0x20000000   0x0000002c   Data   RW           14    .data               app_aep_profile.o
    0x2000002c   0x00000004   Data   RW          263    .data               aepservicecodes.o
    0x20000030   0x0000002c   Data   RW          439    .data               bsp_thread.o
    0x2000005c   0x00000044   Data   RW          484    .data               bc28_thread.o
    0x200000a0   0x000004d0   Data   RW          485    .data               bc28_thread.o
    0x20000570   0x00000098   Data   RW          571    .data               nb_thread.o
    0x20000608   0x00000002   Data   RW          778    .data               led.o
    0x2000060a   0x00000001   Data   RW          814    .data               motor.o
    0x2000060b   0x00000001   PAD
    0x2000060c   0x00000018   Data   RW          851    .data               hts221.o
    0x20000624   0x0000000c   Data   RW          914    .data               app_uart.o
    0x20000630   0x00000001   Data   RW          972    .data               log_uart.o
    0x20000631   0x00000001   Data   RW         1093    .data               util.o
    0x20000632   0x00000002   PAD
    0x20000634   0x00000008   Data   RW         1198    .data               flexshell.o
    0x2000063c   0x00000020   Data   RW         1230    .data               flexshell_port.o
    0x2000065c   0x00000004   Data   RW         1374    .data               tinyprintf.o
    0x20000660   0x00000008   Data   RW         1446    .data               thread.o
    0x20000668   0x0000000c   Data   RW         1510    .data               os_core.o
    0x20000674   0x00000020   Data   RW         1630    .data               os_soft_timer.o
    0x20000694   0x00000004   Data   RW         1680    .data               os_time.o
    0x20000698   0x0000000c   Data   RW         3260    .data               stm32f1xx_hal.o
    0x200006a4   0x00000004   Data   RW         3920    .data               system_stm32f1xx.o
    0x200006a8   0x00000004   Data   RW         4314    .data               mc_w.l(stdout.o)
    0x200006ac   0x00000004   Data   RW         4347    .data               mc_w.l(mvars.o)
    0x200006b0   0x00000004   Data   RW         4348    .data               mc_w.l(mvars.o)
    0x200006b4   0x00000004   Data   RW         4352    .data               mc_w.l(errno.o)
    0x200006b8   0x000000a0   Data   RW         1261    FlexShellSection    flexshellsys.o
    0x20000758   0x00000080   Data   RW         1329    FlexShellSection    flexshelluser.o
    0x200007d8   0x0000000c   Zero   RW           12    .bss                app_aep_profile.o
    0x200007e4   0x00000028   Zero   RW          481    .bss                bc28_thread.o
    0x2000080c   0x00000890   Zero   RW          567    .bss                nb_thread.o
    0x2000109c   0x00000014   Zero   RW          568    .bss                nb_thread.o
    0x200010b0   0x00000019   Zero   RW          569    .bss                nb_thread.o
    0x200010c9   0x00000003   PAD
    0x200010cc   0x00000150   Zero   RW          912    .bss                app_uart.o
    0x2000121c   0x000000c4   Zero   RW          971    .bss                log_uart.o
    0x200012e0   0x00000200   Zero   RW         1197    .bss                flexshell.o
    0x200014e0   0x00000034   Zero   RW         1326    .bss                flexshelluser.o
    0x20001514   0x0000020c   Zero   RW         1628    .bss                os_soft_timer.o
    0x20001720   0x00000054   Zero   RW         3728    .bss                main.o
    0x20001774   0x0000002c   Zero   RW         3966    .bss                mc_w.l(localtime.o)
    0x200017a0   0x0000001a   Zero   RW         3970    .bss                mc_w.l(asctime.o)
    0x200017ba   0x00000006   PAD
    0x200017c0   0x00000200   Zero   RW         3952    HEAP                startup_stm32f103xb.o
    0x200019c0   0x00000400   Zero   RW         3951    STACK               startup_stm32f103xb.o


==============================================================================

Image component sizes


      Code (inc. data)   RO Data    RW Data    ZI Data      Debug   Object Name

      1838        238          0          4          0      14645   aepservicecodes.o
      2412        952         11         44         12     442897   app_aep_profile.o
       404         70         72         12        336       5016   app_uart.o
      4452        686        349       1300         40      12793   bc28_thread.o
       718        282          0          0          0       4919   bsp.o
       596        180         11         44          0       2541   bsp_thread.o
         4          0          0          0          0        447   delay.o
       230          0          0          0          0       2594   fifo.o
       224         82          0          8        512       3720   flexshell.o
        88          8         17         32          0       1970   flexshell_port.o
      1418        772        710        160          0       7817   flexshellsys.o
      1260        488        496        128         52       4902   flexshelluser.o
      2282        618          0         24          0       6380   hts221.o
       156         14          0          2          0       1611   led.o
       336         44          0          1        196       3568   log_uart.o
       430         24          0          0         84       3464   main.o
        88         14          0          1          0       1703   motor.o
      4400        736         51        152       2237      18072   nb_thread.o
       372        220          0         12          0       1766   os_core.o
       416        186          0          0          0       3123   os_event.o
        36          6          0          0          0        557   os_port.o
        66          0          0          0          0       2097   os_sem.o
       816         86         15         32        524       5496   os_soft_timer.o
        92         22          0          4          0       1828   os_time.o
        36          8        236          0       1536        788   startup_stm32f103xb.o
       164         28          0         12          0       3977   stm32f1xx_hal.o
       264         24          0          0          0      27896   stm32f1xx_hal_cortex.o
       464         36          0          0          0       3247   stm32f1xx_hal_gpio.o
      2106         46          0          0          0      11062   stm32f1xx_hal_i2c.o
       372         42          0          0          0       2387   stm32f1xx_hal_msp.o
      1296        104          0          0          0       5596   stm32f1xx_hal_rcc.o
       236         12          0          0          0       1392   stm32f1xx_hal_rcc_ex.o
       368          4          0          0          0       1285   stm32f1xx_hal_uart.o
        38          0          0          0          0       4214   stm32f1xx_it.o
        72         16         24          4          0       1283   system_stm32f1xx.o
       888        464         73          8          0       8121   thread.o
        18          0          0          0          0        599   tinylog.o
       928         22         16          4          0       6013   tinyprintf.o
        44          0          0          0          0        978   user_main.o
       292          6          0          1          0       3621   util.o

    ----------------------------------------------------------------------
     30758       6540       2128       1992       5532     636385   Object Totals
         0          0         32          0          0          0   (incl. Generated)
        38          0         15          3          3          0   (incl. Padding)

    ----------------------------------------------------------------------

      Code (inc. data)   RO Data    RW Data    ZI Data      Debug   Library Member Name

        86          0          0          0          0          0   __dczerorl2.o
        28          0          0          0          0         68   _chval.o
       158          0          0          0          0         92   _strtoul.o
       188         16         57          0         26         88   asctime.o
        26          0          0          0          0         80   atoi.o
        26          0          0          0          0         80   atol.o
        14          0          0          0          0         80   ctime.o
         8          4        133          0          0         68   ctype_o.o
         0          0          0          0          0          0   entry.o
         0          0          0          0          0          0   entry10a.o
         0          0          0          0          0          0   entry11a.o
         8          4          0          0          0          0   entry2.o
         4          0          0          0          0          0   entry5.o
         0          0          0          0          0          0   entry7b.o
         0          0          0          0          0          0   entry8b.o
         8          4          0          0          0          0   entry9a.o
         8          4          0          4          0         68   errno.o
        30          0          0          0          0          0   handlers.o
        36          8          0          0          0         68   init.o
         0          0          0          0          0          0   iusefp.o
        30          0          0          0          0         68   llshl.o
        36          0          0          0          0         68   llsshr.o
        32          0          0          0          0         68   llushr.o
       148         10         12          0         44         76   localtime.o
       188         20          0          0          0        160   malloc.o
        36          0          0          0          0         68   memcpya.o
        36          0          0          0          0        108   memseta.o
         0          0          0          8          0          0   mvars.o
      2276         96          0          0          0        596   printfa.o
         0          0          0          4          0          0   stdout.o
        28          0          0          0          0         76   strcmp.o
        14          0          0          0          0         68   strlen.o
        36          0          0          0          0         80   strstr.o
       112          0          0          0          0         88   strtol.o
        12          0          0          0          0         68   toupper.o
        44          0          0          0          0         80   uidiv.o
        98          0          0          0          0         92   uldiv.o
        48          0          0          0          0         68   cdrcmple.o
       334          0          0          0          0        148   dadd.o
       222          0          0          0          0        100   ddiv.o
       186          0          0          0          0        176   depilogue.o
        48          0          0          0          0         68   dfixul.o
       228          0          0          0          0         96   dmul.o
        38          0          0          0          0         68   f2d.o
       176          0          0          0          0        140   fadd.o
       124          0          0          0          0         88   fdiv.o
       110          0          0          0          0        168   fepilogue.o
        50          0          0          0          0         68   ffixi.o
        40          0          0          0          0         68   ffixui.o
        18          0          0          0          0         68   fflti.o
        10          0          0          0          0         68   ffltui.o
       100          0          0          0          0         76   fmul.o
        24          0          0          0          0         68   fscalb.o

    ----------------------------------------------------------------------
      5516        166        202         16         76       3992   Library Totals
         6          0          0          0          6          0   (incl. Padding)

    ----------------------------------------------------------------------

      Code (inc. data)   RO Data    RW Data    ZI Data      Debug   Library Name

      3754        166        202         16         70       2456   mc_w.l
      1756          0          0          0          0       1536   mf_w.l

    ----------------------------------------------------------------------
      5516        166        202         16         76       3992   Library Totals

    ----------------------------------------------------------------------

==============================================================================


      Code (inc. data)   RO Data    RW Data    ZI Data      Debug   

     36274       6706       2330       2008       5608     627973   Grand Totals
     36274       6706       2330        512       5608     627973   ELF Image Totals (compressed)
     36274       6706       2330        512          0          0   ROM Totals

==============================================================================

    Total RO  Size (Code + RO Data)                38604 (  37.70kB)
    Total RW  Size (RW Data + ZI Data)              7616 (   7.44kB)
    Total ROM Size (Code + RO Data + RW Data)      39116 (  38.20kB)

==============================================================================

