<html>
<body>
<pre>
<h1>礦ision Build Log</h1>
<h2>Tool Versions:</h2>
IDE-Version: μVision V5.14.0.0
Copyright (C) 2015 ARM Ltd and ARM Germany GmbH. All rights reserved.
License Information: sdf mawentao666666@sina.com, df, LIC=4ZLII-TH0WL-X9YG0-BSJQA-4EUBJ-1FH6L
 
Tool Versions:
Toolchain:       MDK-ARM Professional  Version: 5.14.0.0
Toolchain Path:  D:\study_sws\keil\ARM\ARMCC\Bin
C Compiler:      Armcc.exe V5.05 update 1 (build 106)
Assembler:       Armasm.exe V5.05 update 1 (build 106)
Linker/Locator:  ArmLink.exe V5.05 update 1 (build 106)
Library Manager: ArmAr.exe V5.05 update 1 (build 106)
Hex Converter:   FromElf.exe V5.05 update 1 (build 106)
CPU DLL:         SARMCM3.DLL V5.14.0.0
Dialog DLL:      DCM.DLL V1.13.1.0
Target DLL:      STLink\ST-LINKIII-KEIL_SWO.dll V2.0.14.0_KEIL
Dialog DLL:      TCM.DLL V1.14.4.0
 
<h2>Project:</h2>
C:\Users\mawen\Desktop\大三上\物联网\bc28开发板学习\skit_ctnb_st\ctnb\MDK-ARM\ctnb.uvprojx
Project File Date:  11/24/2021

<h2>Output:</h2>
Build target 'ctnb'
compiling app_aep_profile.c...
..\user\app_aep_profile.c(351): warning:  #177-D: variable "ret" was declared but never referenced
        int8_t ret;
..\user\app_aep_profile.c: 1 warning, 0 errors
linking...
Program Size: Code=36254 RO-data=2330 RW-data=2016 ZI-data=5608  
".\out\ctnb.axf" - 0 Error(s), 1 Warning(s).

<h2>Software Packages used:</h2>

Package Vendor: ARM
                http://www.keil.com/pack/ARM.CMSIS.5.7.0.pack
                ARM::CMSIS:CORE:5.4.0
                CMSIS (Cortex Microcontroller Software Interface Standard)
   * Component: CORE Version: 5.4.0

<h2>Collection of Component include folders:</h2>
  C:\Users\mawen\Desktop\大三上\物联网\bc28开发板学习\skit_ctnb_st\ctnb\MDK-ARM\RTE
  D:\study_sws\ARM\PACK\ARM\CMSIS\5.7.0\CMSIS\Core\Include
  D:\study_sws\ARM\PACK\Keil\STM32F1xx_DFP\2.2.0

<h2>Collection of Component Files used:</h2>

   * Component: ARM::CMSIS:CORE:5.4.0
      Source file:   CMSIS\Core\Template\ARMv8-M\tz_context.c
      Source file:   CMSIS\Core\Template\ARMv8-M\main_s.c
      Include file:  CMSIS\Core\Include\tz_context.h
</pre>
</body>
</html>
